Archive member included to satisfy reference by file (symbol)

C:/ST/STM32CubeIDE_1.16.0/STM32CubeIDE/plugins/com.st.stm32cube.ide.mcu.externaltools.gnu-tools-for-stm32.13.3.rel1.win32_1.0.0.202411081344/tools/bin/../lib/gcc/arm-none-eabi/13.3.1/../../../../arm-none-eabi/lib/thumb/v7e-m+fp/hard\libc_nano.a(libc_a-exit.o)
                              C:/ST/STM32CubeIDE_1.16.0/STM32CubeIDE/plugins/com.st.stm32cube.ide.mcu.externaltools.gnu-tools-for-stm32.13.3.rel1.win32_1.0.0.202411081344/tools/bin/../lib/gcc/arm-none-eabi/13.3.1/../../../../arm-none-eabi/lib/thumb/v7e-m+fp/hard/crt0.o (exit)
C:/ST/STM32CubeIDE_1.16.0/STM32CubeIDE/plugins/com.st.stm32cube.ide.mcu.externaltools.gnu-tools-for-stm32.13.3.rel1.win32_1.0.0.202411081344/tools/bin/../lib/gcc/arm-none-eabi/13.3.1/../../../../arm-none-eabi/lib/thumb/v7e-m+fp/hard\libc_nano.a(libc_a-findfp.o)
                              C:/ST/STM32CubeIDE_1.16.0/STM32CubeIDE/plugins/com.st.stm32cube.ide.mcu.externaltools.gnu-tools-for-stm32.13.3.rel1.win32_1.0.0.202411081344/tools/bin/../lib/gcc/arm-none-eabi/13.3.1/../../../../arm-none-eabi/lib/thumb/v7e-m+fp/hard\libc_nano.a(libc_a-exit.o) (__stdio_exit_handler)
C:/ST/STM32CubeIDE_1.16.0/STM32CubeIDE/plugins/com.st.stm32cube.ide.mcu.externaltools.gnu-tools-for-stm32.13.3.rel1.win32_1.0.0.202411081344/tools/bin/../lib/gcc/arm-none-eabi/13.3.1/../../../../arm-none-eabi/lib/thumb/v7e-m+fp/hard\libc_nano.a(libc_a-fwalk.o)
                              C:/ST/STM32CubeIDE_1.16.0/STM32CubeIDE/plugins/com.st.stm32cube.ide.mcu.externaltools.gnu-tools-for-stm32.13.3.rel1.win32_1.0.0.202411081344/tools/bin/../lib/gcc/arm-none-eabi/13.3.1/../../../../arm-none-eabi/lib/thumb/v7e-m+fp/hard\libc_nano.a(libc_a-findfp.o) (_fwalk_sglue)
C:/ST/STM32CubeIDE_1.16.0/STM32CubeIDE/plugins/com.st.stm32cube.ide.mcu.externaltools.gnu-tools-for-stm32.13.3.rel1.win32_1.0.0.202411081344/tools/bin/../lib/gcc/arm-none-eabi/13.3.1/../../../../arm-none-eabi/lib/thumb/v7e-m+fp/hard\libc_nano.a(libc_a-stdio.o)
                              C:/ST/STM32CubeIDE_1.16.0/STM32CubeIDE/plugins/com.st.stm32cube.ide.mcu.externaltools.gnu-tools-for-stm32.13.3.rel1.win32_1.0.0.202411081344/tools/bin/../lib/gcc/arm-none-eabi/13.3.1/../../../../arm-none-eabi/lib/thumb/v7e-m+fp/hard\libc_nano.a(libc_a-findfp.o) (__sread)
C:/ST/STM32CubeIDE_1.16.0/STM32CubeIDE/plugins/com.st.stm32cube.ide.mcu.externaltools.gnu-tools-for-stm32.13.3.rel1.win32_1.0.0.202411081344/tools/bin/../lib/gcc/arm-none-eabi/13.3.1/../../../../arm-none-eabi/lib/thumb/v7e-m+fp/hard\libc_nano.a(libc_a-memset.o)
                              C:/ST/STM32CubeIDE_1.16.0/STM32CubeIDE/plugins/com.st.stm32cube.ide.mcu.externaltools.gnu-tools-for-stm32.13.3.rel1.win32_1.0.0.202411081344/tools/bin/../lib/gcc/arm-none-eabi/13.3.1/../../../../arm-none-eabi/lib/thumb/v7e-m+fp/hard/crt0.o (memset)
C:/ST/STM32CubeIDE_1.16.0/STM32CubeIDE/plugins/com.st.stm32cube.ide.mcu.externaltools.gnu-tools-for-stm32.13.3.rel1.win32_1.0.0.202411081344/tools/bin/../lib/gcc/arm-none-eabi/13.3.1/../../../../arm-none-eabi/lib/thumb/v7e-m+fp/hard\libc_nano.a(libc_a-closer.o)
                              C:/ST/STM32CubeIDE_1.16.0/STM32CubeIDE/plugins/com.st.stm32cube.ide.mcu.externaltools.gnu-tools-for-stm32.13.3.rel1.win32_1.0.0.202411081344/tools/bin/../lib/gcc/arm-none-eabi/13.3.1/../../../../arm-none-eabi/lib/thumb/v7e-m+fp/hard\libc_nano.a(libc_a-stdio.o) (_close_r)
C:/ST/STM32CubeIDE_1.16.0/STM32CubeIDE/plugins/com.st.stm32cube.ide.mcu.externaltools.gnu-tools-for-stm32.13.3.rel1.win32_1.0.0.202411081344/tools/bin/../lib/gcc/arm-none-eabi/13.3.1/../../../../arm-none-eabi/lib/thumb/v7e-m+fp/hard\libc_nano.a(libc_a-reent.o)
                              C:/ST/STM32CubeIDE_1.16.0/STM32CubeIDE/plugins/com.st.stm32cube.ide.mcu.externaltools.gnu-tools-for-stm32.13.3.rel1.win32_1.0.0.202411081344/tools/bin/../lib/gcc/arm-none-eabi/13.3.1/../../../../arm-none-eabi/lib/thumb/v7e-m+fp/hard\libc_nano.a(libc_a-closer.o) (errno)
C:/ST/STM32CubeIDE_1.16.0/STM32CubeIDE/plugins/com.st.stm32cube.ide.mcu.externaltools.gnu-tools-for-stm32.13.3.rel1.win32_1.0.0.202411081344/tools/bin/../lib/gcc/arm-none-eabi/13.3.1/../../../../arm-none-eabi/lib/thumb/v7e-m+fp/hard\libc_nano.a(libc_a-impure.o)
                              C:/ST/STM32CubeIDE_1.16.0/STM32CubeIDE/plugins/com.st.stm32cube.ide.mcu.externaltools.gnu-tools-for-stm32.13.3.rel1.win32_1.0.0.202411081344/tools/bin/../lib/gcc/arm-none-eabi/13.3.1/../../../../arm-none-eabi/lib/thumb/v7e-m+fp/hard\libc_nano.a(libc_a-reent.o) (_impure_ptr)
C:/ST/STM32CubeIDE_1.16.0/STM32CubeIDE/plugins/com.st.stm32cube.ide.mcu.externaltools.gnu-tools-for-stm32.13.3.rel1.win32_1.0.0.202411081344/tools/bin/../lib/gcc/arm-none-eabi/13.3.1/../../../../arm-none-eabi/lib/thumb/v7e-m+fp/hard\libc_nano.a(libc_a-lseekr.o)
[...]
Memory Configuration

Name             Origin             Length             Attributes
RAM              0x20000000         0x00020000         xrw
FLASH            0x08000000         0x00080000         xr
*default*        0x00000000         0xffffffff

Linker script and memory map

LOAD C:/ST/STM32CubeIDE_1.16.0/STM32CubeIDE/plugins/com.st.stm32cube.ide.mcu.externaltools.gnu-tools-for-stm32.13.3.rel1.win32_1.0.0.202411081344/tools/bin/../lib/gcc/arm-none-eabi/13.3.1/thumb/v7e-m+fp/hard/crti.o
LOAD C:/ST/STM32CubeIDE_1.16.0/STM32CubeIDE/plugins/com.st.stm32cube.ide.mcu.externaltools.gnu-tools-for-stm32.13.3.rel1.win32_1.0.0.202411081344/tools/bin/../lib/gcc/arm-none-eabi/13.3.1/thumb/v7e-m+fp/hard/crtbegin.o
LOAD C:/ST/STM32CubeIDE_1.16.0/STM32CubeIDE/plugins/com.st.stm32cube.ide.mcu.externaltools.gnu-tools-for-stm32.13.3.rel1.win32_1.0.0.202411081344/tools/bin/../lib/gcc/arm-none-eabi/13.3.1/../../../../arm-none-eabi/lib/thumb/v7e-m+fp/hard/crt0.o
LOAD ./Application/Startup/startup_stm32g474retx.o
LOAD ./Application/User/aspep.o
LOAD ./Application/User/main.o
LOAD ./Application/User/mc_api.o
LOAD ./Application/User/mc_app_hooks.o
LOAD ./Application/User/mc_config.o
LOAD ./Application/User/mc_config_common.o
LOAD ./Application/User/mc_configuration_registers.o
LOAD ./Application/User/mc_interface.o
LOAD ./Application/User/mc_math.o
LOAD ./Application/User/mc_parameters.o
LOAD ./Application/User/mc_tasks.o
LOAD ./Application/User/mc_tasks_sixstep.o
LOAD ./Application/User/mcp.o
LOAD ./Application/User/mcp_config.o
LOAD ./Application/User/motorcontrol.o
LOAD ./Application/User/pwm_common.o
LOAD ./Application/User/register_interface.o
LOAD ./Application/User/regular_conversion_manager.o
LOAD ./Application/User/stm32_mc_common_it.o
LOAD ./Application/User/stm32g4xx_hal_msp.o
LOAD ./Application/User/stm32g4xx_it.o
LOAD ./Application/User/stm32g4xx_mc_it.o
LOAD ./Application/User/syscalls.o
LOAD ./Application/User/sysmem.o
LOAD ./Application/User/usart_aspep_driver.o
LOAD ./Drivers/CMSIS/system_stm32g4xx.o
LOAD ./Drivers/STM32G4xx_HAL_Driver/stm32g4xx_hal.o
LOAD ./Drivers/STM32G4xx_HAL_Driver/stm32g4xx_hal_adc.o
LOAD ./Drivers/STM32G4xx_HAL_Driver/stm32g4xx_hal_adc_ex.o
LOAD ./Drivers/STM32G4xx_HAL_Driver/stm32g4xx_hal_cortex.o
LOAD ./Drivers/STM32G4xx_HAL_Driver/stm32g4xx_hal_dma.o
LOAD ./Drivers/STM32G4xx_HAL_Driver/stm32g4xx_hal_dma_ex.o
LOAD ./Drivers/STM32G4xx_HAL_Driver/stm32g4xx_hal_exti.o
LOAD ./Drivers/STM32G4xx_HAL_Driver/stm32g4xx_hal_flash.o
LOAD ./Drivers/STM32G4xx_HAL_Driver/stm32g4xx_hal_flash_ex.o
LOAD ./Drivers/STM32G4xx_HAL_Driver/stm32g4xx_hal_flash_ramfunc.o
LOAD ./Drivers/STM32G4xx_HAL_Driver/stm32g4xx_hal_gpio.o
LOAD ./Drivers/STM32G4xx_HAL_Driver/stm32g4xx_hal_pwr.o
LOAD ./Drivers/STM32G4xx_HAL_Driver/stm32g4xx_hal_pwr_ex.o
LOAD ./Drivers/STM32G4xx_HAL_Driver/stm32g4xx_hal_rcc.o
LOAD ./Drivers/STM32G4xx_HAL_Driver/stm32g4xx_hal_rcc_ex.o
LOAD ./Drivers/STM32G4xx_HAL_Driver/stm32g4xx_hal_tim.o
LOAD ./Drivers/STM32G4xx_HAL_Driver/stm32g4xx_hal_tim_ex.o
LOAD ./Drivers/STM32G4xx_HAL_Driver/stm32g4xx_hal_uart.o
LOAD ./Drivers/STM32G4xx_HAL_Driver/stm32g4xx_hal_uart_ex.o
LOAD ./Drivers/STM32G4xx_HAL_Driver/stm32g4xx_ll_adc.o
LOAD ./Middlewares/MotorControl/bus_voltage_sensor.o
LOAD ./Middlewares/MotorControl/g4xx_bemf_ADC_fdbk.o
LOAD ./Middlewares/MotorControl/mcpa.o
LOAD ./Middlewares/MotorControl/ntc_temperature_sensor.o
LOAD ./Middlewares/MotorControl/pid_regulator.o
LOAD ./Middlewares/MotorControl/pwmc_sixstep.o
LOAD ./Middlewares/MotorControl/r_divider_bus_voltage_sensor.o
LOAD ./Middlewares/MotorControl/revup_ctrl_sixstep.o
LOAD ./Middlewares/MotorControl/speed_ctrl.o
LOAD ./Middlewares/MotorControl/speed_pos_fdbk.o
LOAD ./Middlewares/MotorControl/virtual_speed_sensor.o
START GROUP
LOAD C:/ST/STM32CubeIDE_1.16.0/STM32CubeIDE/plugins/com.st.stm32cube.ide.mcu.externaltools.gnu-tools-for-stm32.13.3.rel1.win32_1.0.0.202411081344/tools/bin/../lib/gcc/arm-none-eabi/13.3.1/../../../../arm-none-eabi/lib/thumb/v7e-m+fp/hard\libc_nano.a
LOAD C:/ST/STM32CubeIDE_1.16.0/STM32CubeIDE/plugins/com.st.stm32cube.ide.mcu.externaltools.gnu-tools-for-stm32.13.3.rel1.win32_1.0.0.202411081344/tools/bin/../lib/gcc/arm-none-eabi/13.3.1/../../../../arm-none-eabi/lib/thumb/v7e-m+fp/hard\libm.a
END GROUP
START GROUP
LOAD C:/ST/STM32CubeIDE_1.16.0/STM32CubeIDE/plugins/com.st.stm32cube.ide.mcu.externaltools.gnu-tools-for-stm32.13.3.rel1.win32_1.0.0.202411081344/tools/bin/../lib/gcc/arm-none-eabi/13.3.1/thumb/v7e-m+fp/hard\libgcc.a
LOAD C:/ST/STM32CubeIDE_1.16.0/STM32CubeIDE/plugins/com.st.stm32cube.ide.mcu.externaltools.gnu-tools-for-stm32.13.3.rel1.win32_1.0.0.202411081344/tools/bin/../lib/gcc/arm-none-eabi/13.3.1/../../../../arm-none-eabi/lib/thumb/v7e-m+fp/hard\libc_nano.a
END GROUP
START GROUP
LOAD C:/ST/STM32CubeIDE_1.16.0/STM32CubeIDE/plugins/com.st.stm32cube.ide.mcu.externaltools.gnu-tools-for-stm32.13.3.rel1.win32_1.0.0.202411081344/tools/bin/../lib/gcc/arm-none-eabi/13.3.1/thumb/v7e-m+fp/hard\libgcc.a
LOAD C:/ST/STM32CubeIDE_1.16.0/STM32CubeIDE/plugins/com.st.stm32cube.ide.mcu.externaltools.gnu-tools-for-stm32.13.3.rel1.win32_1.0.0.202411081344/tools/bin/../lib/gcc/arm-none-eabi/13.3.1/../../../../arm-none-eabi/lib/thumb/v7e-m+fp/hard\libc_nano.a
LOAD C:/ST/STM32CubeIDE_1.16.0/STM32CubeIDE/plugins/com.st.stm32cube.ide.mcu.externaltools.gnu-tools-for-stm32.13.3.rel1.win32_1.0.0.202411081344/tools/bin/../lib/gcc/arm-none-eabi/13.3.1/../../../../arm-none-eabi/lib/thumb/v7e-m+fp/hard\libnosys.a
END GROUP
START GROUP
LOAD C:/ST/STM32CubeIDE_1.16.0/STM32CubeIDE/plugins/com.st.stm32cube.ide.mcu.externaltools.gnu-tools-for-stm32.13.3.rel1.win32_1.0.0.202411081344/tools/bin/../lib/gcc/arm-none-eabi/13.3.1/thumb/v7e-m+fp/hard\libgcc.a
LOAD C:/ST/STM32CubeIDE_1.16.0/STM32CubeIDE/plugins/com.st.stm32cube.ide.mcu.externaltools.gnu-tools-for-stm32.13.3.rel1.win32_1.0.0.202411081344/tools/bin/../lib/gcc/arm-none-eabi/13.3.1/../../../../arm-none-eabi/lib/thumb/v7e-m+fp/hard\libc_nano.a
LOAD C:/ST/STM32CubeIDE_1.16.0/STM32CubeIDE/plugins/com.st.stm32cube.ide.mcu.externaltools.gnu-tools-for-stm32.13.3.rel1.win32_1.0.0.202411081344/tools/bin/../lib/gcc/arm-none-eabi/13.3.1/../../../../arm-none-eabi/lib/thumb/v7e-m+fp/hard\libnosys.a
END GROUP
LOAD C:/ST/STM32CubeIDE_1.16.0/STM32CubeIDE/plugins/com.st.stm32cube.ide.mcu.externaltools.gnu-tools-for-stm32.13.3.rel1.win32_1.0.0.202411081344/tools/bin/../lib/gcc/arm-none-eabi/13.3.1/thumb/v7e-m+fp/hard/crtend.o
LOAD C:/ST/STM32CubeIDE_1.16.0/STM32CubeIDE/plugins/com.st.stm32cube.ide.mcu.externaltools.gnu-tools-for-stm32.13.3.rel1.win32_1.0.0.202411081344/tools/bin/../lib/gcc/arm-none-eabi/13.3.1/thumb/v7e-m+fp/hard/crtn.o
                0x20020000                        _estack = (ORIGIN (RAM) + LENGTH (RAM))
                0x00000200                        _Min_Heap_Size = 0x200
                0x00000400                        _Min_Stack_Size = 0x400

.isr_vector     0x08000000      0x1d8
                0x08000000                        . = ALIGN (0x4)
 *(.isr_vector)
 .isr_vector    0x08000000      0x1d8 ./Application/Startup/startup_stm32g474retx.o
                0x08000000                g_pfnVectors
                0x080001d8                        . = ALIGN (0x4)

.text           0x080001d8     0x8b9c
                0x080001d8                        . = ALIGN (0x4)
 *(.text)
 .text          0x080001d8       0x40 C:/ST/STM32CubeIDE_1.16.0/STM32CubeIDE/plugins/com.st.stm32cube.ide.mcu.externaltools.gnu-tools-for-stm32.13.3.rel1.win32_1.0.0.202411081344/tools/bin/../lib/gcc/arm-none-eabi/13.3.1/thumb/v7e-m+fp/hard/crtbegin.o
 .text          0x08000218      0x254 C:/ST/STM32CubeIDE_1.16.0/STM32CubeIDE/plugins/com.st.stm32cube.ide.mcu.externaltools.gnu-tools-for-stm32.13.3.rel1.win32_1.0.0.202411081344/tools/bin/../lib/gcc/arm-none-eabi/13.3.1/thumb/v7e-m+fp/hard\libgcc.a(_arm_muldf3.o)
                0x08000218                __muldf3
                0x08000218                __aeabi_dmul
 .text          0x0800046c      0x378 C:/ST/STM32CubeIDE_1.16.0/STM32CubeIDE/plugins/com.st.stm32cube.ide.mcu.externaltools.gnu-tools-for-stm32.13.3.rel1.win32_1.0.0.202411081344/tools/bin/../lib/gcc/arm-none-eabi/13.3.1/thumb/v7e-m+fp/hard\libgcc.a(_arm_addsubdf3.o)
                0x0800046c                __aeabi_drsub
                0x08000474                __aeabi_dsub
                0x08000474                __subdf3
                0x08000478                __aeabi_dadd
                0x08000478                __adddf3
                0x080006f0                __floatunsidf
                0x080006f0                __aeabi_ui2d
                0x08000710                __floatsidf
                0x08000710                __aeabi_i2d
                0x08000734                __aeabi_f2d
                0x08000734                __extendsfdf2
                0x08000778                __floatundidf
                0x08000778                __aeabi_ul2d
                0x08000788                __floatdidf
                0x08000788                __aeabi_l2d
 .text          0x080007e4       0x40 C:/ST/STM32CubeIDE_1.16.0/STM32CubeIDE/plugins/com.st.stm32cube.ide.mcu.externaltools.gnu-tools-for-stm32.13.3.rel1.win32_1.0.0.202411081344/tools/bin/../lib/gcc/arm-none-eabi/13.3.1/thumb/v7e-m+fp/hard\libgcc.a(_arm_fixunsdfsi.o)
                0x080007e4                __aeabi_d2uiz
                0x080007e4                __fixunsdfsi
 .text          0x08000824       0x30 C:/ST/STM32CubeIDE_1.16.0/STM32CubeIDE/plugins/com.st.stm32cube.ide.mcu.externaltools.gnu-tools-for-stm32.13.3.rel1.win32_1.0.0.202411081344/tools/bin/../lib/gcc/arm-none-eabi/13.3.1/thumb/v7e-m+fp/hard\libgcc.a(_aeabi_uldivmod.o)
                0x08000824                __aeabi_uldivmod
 .text          0x08000854      0x2f8 C:/ST/STM32CubeIDE_1.16.0/STM32CubeIDE/plugins/com.st.stm32cube.ide.mcu.externaltools.gnu-tools-for-stm32.13.3.rel1.win32_1.0.0.202411081344/tools/bin/../lib/gcc/arm-none-eabi/13.3.1/thumb/v7e-m+fp/hard\libgcc.a(_udivmoddi4.o)
                0x08000854                __udivmoddi4
 .text          0x08000b4c        0x4 C:/ST/STM32CubeIDE_1.16.0/STM32CubeIDE/plugins/com.st.stm32cube.ide.mcu.externaltools.gnu-tools-for-stm32.13.3.rel1.win32_1.0.0.202411081344/tools/bin/../lib/gcc/arm-none-eabi/13.3.1/thumb/v7e-m+fp/hard\libgcc.a(_dvmd_tls.o)
                0x08000b4c                __aeabi_idiv0
                0x08000b4c                __aeabi_ldiv0
 *(.text*)
 .text.Reset_Handler
                0x08000b50       0x50 ./Application/Startup/startup_stm32g474retx.o
                0x08000b50                Reset_Handler
 .text.Default_Handler
                0x08000ba0        0x2 ./Application/Startup/startup_stm32g474retx.o
                0x08000ba0                RTC_Alarm_IRQHandler
                0x08000ba0                EXTI2_IRQHandler
                0x08000ba0                TIM8_TRG_COM_IRQHandler
                0x08000ba0                TIM8_CC_IRQHandler
                0x08000ba0                HRTIM1_Master_IRQHandler
                0x08000ba0                DebugMon_Handler
                0x08000ba0                SPI4_IRQHandler
                0x08000ba0                FDCAN3_IT0_IRQHandler
                0x08000ba0                TIM1_CC_IRQHandler
                0x08000ba0                HRTIM1_FLT_IRQHandler
                0x08000ba0                HRTIM1_TIMF_IRQHandler
                0x08000ba0                USB_HP_IRQHandler
                0x08000ba0                CORDIC_IRQHandler
                0x08000ba0                HRTIM1_TIMD_IRQHandler
                0x08000ba0                PendSV_Handler
                0x08000ba0                DMA2_Channel8_IRQHandler
                0x08000ba0                NMI_Handler
                0x08000ba0                EXTI3_IRQHandler
                0x08000ba0                I2C3_ER_IRQHandler
                0x08000ba0                EXTI0_IRQHandler
                0x08000ba0                I2C2_EV_IRQHandler
                0x08000ba0                FPU_IRQHandler
                0x08000ba0                FDCAN1_IT1_IRQHandler
                0x08000ba0                UsageFault_Handler
                0x08000ba0                HRTIM1_TIME_IRQHandler
                0x08000ba0                SPI1_IRQHandler
                0x08000ba0                TIM6_DAC_IRQHandler
                0x08000ba0                HRTIM1_TIMC_IRQHandler
                0x08000ba0                TIM8_UP_IRQHandler
                0x08000ba0                DMA2_Channel2_IRQHandler
                0x08000ba0                DMA1_Channel4_IRQHandler
                0x08000ba0                TIM20_TRG_COM_IRQHandler
                0x08000ba0                USART3_IRQHandler
                0x08000ba0                DMA1_Channel7_IRQHandler
                0x08000ba0                UART5_IRQHandler
                0x08000ba0                ADC3_IRQHandler
                0x08000ba0                TIM4_IRQHandler
                0x08000ba0                DMA2_Channel1_IRQHandler
                0x08000ba0                QUADSPI_IRQHandler
                0x08000ba0                I2C1_EV_IRQHandler
                0x08000ba0                DMA1_Channel6_IRQHandler
                0x08000ba0                UART4_IRQHandler
                0x08000ba0                DMA2_Channel4_IRQHandler
                0x08000ba0                TIM3_IRQHandler
                0x08000ba0                RCC_IRQHandler
                0x08000ba0                TIM20_UP_IRQHandler
                0x08000ba0                DMA1_Channel1_IRQHandler
                0x08000ba0                Default_Handler
                0x08000ba0                DMA2_Channel7_IRQHandler
                0x08000ba0                RTC_TAMP_LSECSS_IRQHandler
                0x08000ba0                FMAC_IRQHandler
                0x08000ba0                DMA1_Channel8_IRQHandler
                0x08000ba0                HRTIM1_TIMA_IRQHandler
                0x08000ba0                TIM7_DAC_IRQHandler
                0x08000ba0                FDCAN3_IT1_IRQHandler
                0x08000ba0                TIM5_IRQHandler
                0x08000ba0                UCPD1_IRQHandler
                0x08000ba0                I2C3_EV_IRQHandler
                0x08000ba0                EXTI9_5_IRQHandler
                0x08000ba0                RTC_WKUP_IRQHandler
                0x08000ba0                PVD_PVM_IRQHandler
                0x08000ba0                SPI2_IRQHandler
                0x08000ba0                MemManage_Handler
                0x08000ba0                ADC5_IRQHandler
                0x08000ba0                SVC_Handler
                0x08000ba0                DMA2_Channel5_IRQHandler
                0x08000ba0                CRS_IRQHandler
                0x08000ba0                DMA1_Channel5_IRQHandler
                0x08000ba0                USB_LP_IRQHandler
                0x08000ba0                EXTI4_IRQHandler
                0x08000ba0                RNG_IRQHandler
                0x08000ba0                HRTIM1_TIMB_IRQHandler
                0x08000ba0                TIM1_TRG_COM_TIM17_IRQHandler
                0x08000ba0                FDCAN2_IT1_IRQHandler
                0x08000ba0                DMA1_Channel3_IRQHandler
                0x08000ba0                ADC4_IRQHandler
                0x08000ba0                WWDG_IRQHandler
                0x08000ba0                I2C4_EV_IRQHandler
                0x08000ba0                FDCAN2_IT0_IRQHandler
                0x08000ba0                LPUART1_IRQHandler
                0x08000ba0                DMA2_Channel6_IRQHandler
                0x08000ba0                FDCAN1_IT0_IRQHandler
                0x08000ba0                COMP7_IRQHandler
                0x08000ba0                COMP1_2_3_IRQHandler
                0x08000ba0                EXTI1_IRQHandler
                0x08000ba0                COMP4_5_6_IRQHandler
                0x08000ba0                TIM20_BRK_IRQHandler
                0x08000ba0                I2C2_ER_IRQHandler
                0x08000ba0                DMA1_Channel2_IRQHandler
                0x08000ba0                TIM8_BRK_IRQHandler
                0x08000ba0                FLASH_IRQHandler
                0x08000ba0                TIM20_CC_IRQHandler
                0x08000ba0                BusFault_Handler
                0x08000ba0                USART1_IRQHandler
                0x08000ba0                SPI3_IRQHandler
                0x08000ba0                I2C1_ER_IRQHandler
                0x08000ba0                FMC_IRQHandler
                0x08000ba0                LPTIM1_IRQHandler
                0x08000ba0                DMAMUX_OVR_IRQHandler
                0x08000ba0                I2C4_ER_IRQHandler
                0x08000ba0                USBWakeUp_IRQHandler
                0x08000ba0                SAI1_IRQHandler
                0x08000ba0                DMA2_Channel3_IRQHandler
 *fill*         0x08000ba2        0x2 
 .text.ASPEP_start
                0x08000ba4       0x28 ./Application/User/aspep.o
                0x08000ba4                ASPEP_start
 .text.ASPEP_sendBeacon
                0x08000bcc       0x8c ./Application/User/aspep.o
                0x08000bcc                ASPEP_sendBeacon
 .text.ASPEP_sendPing
                0x08000c58       0x8c ./Application/User/aspep.o
                0x08000c58                ASPEP_sendPing
 .text.ASPEP_getBuffer
                0x08000ce4       0x60 ./Application/User/aspep.o
                0x08000ce4                ASPEP_getBuffer
 .text.ASPEP_sendPacket
                0x08000d44      0x118 ./Application/User/aspep.o
                0x08000d44                ASPEP_sendPacket
 .text.ASPEP_HWDataTransmittedIT
                0x08000e5c       0x98 ./Application/User/aspep.o
                0x08000e5c                ASPEP_HWDataTransmittedIT
 .text.ASPEP_RXframeProcess
                0x08000ef4      0x2b4 ./Application/User/aspep.o
                0x08000ef4                ASPEP_RXframeProcess
 .text.ASPEP_HWDataReceivedIT
                0x080011a8       0xa0 ./Application/User/aspep.o
                0x080011a8                ASPEP_HWDataReceivedIT
 .text.ASPEP_HWReset
                0x08001248       0x14 ./Application/User/aspep.o
                0x08001248                ASPEP_HWReset
 *fill*         0x0800125c        0x4 
 .text.SystemClock_Config
                0x08001260       0x78 ./Application/User/main.o
                0x08001260                SystemClock_Config
 .text.startup.main
                0x080012d8      0x524 ./Application/User/main.o
                0x080012d8                main
 .text.Error_Handler
                0x080017fc        0x4 ./Application/User/main.o
                0x080017fc                Error_Handler
 .text.MC_StartMotor1
                0x08001800        0xc ./Application/User/mc_api.o
                0x08001800                MC_StartMotor1
 .text.MC_StopMotor1
                0x0800180c        0xc ./Application/User/mc_api.o
                0x0800180c                MC_StopMotor1
 .text.MC_GetSTMStateMotor1
                0x08001818        0xc ./Application/User/mc_api.o
                0x08001818                MC_GetSTMStateMotor1
 .text.MC_APP_BootHook
                0x08001824        0x4 ./Application/User/mc_app_hooks.o
                0x08001824                MC_APP_BootHook
 .text.MC_APP_PostMediumFrequencyHook_M1
                0x08001828        0x4 ./Application/User/mc_app_hooks.o
                0x08001828                MC_APP_PostMediumFrequencyHook_M1
 .text.MCI_ExecSpeedRamp
                0x0800182c       0x20 ./Application/User/mc_interface.o
                0x0800182c                MCI_ExecSpeedRamp
 .text.MCI_FaultProcessing
                0x0800184c       0x18 ./Application/User/mc_interface.o
                0x0800184c                MCI_FaultProcessing
 .text.MCI_ExecBufferedCommands
                0x08001864       0x44 ./Application/User/mc_interface.o
                0x08001864                MCI_ExecBufferedCommands
 .text.MCI_GetSTMState
                0x080018a8        0x4 ./Application/User/mc_interface.o
                0x080018a8                MCI_GetSTMState
 .text.MCI_GetOccurredFaults
                0x080018ac        0x4 ./Application/User/mc_interface.o
                0x080018ac                MCI_GetOccurredFaults
 .text.MCI_GetCurrentFaults
                0x080018b0        0x4 ./Application/User/mc_interface.o
                0x080018b0                MCI_GetCurrentFaults
 .text.MCI_StartMotor
                0x080018b4       0x2c ./Application/User/mc_interface.o
                0x080018b4                MCI_StartMotor
 .text.MCI_StopMotor
                0x080018e0       0x38 ./Application/User/mc_interface.o
                0x080018e0                MCI_StopMotor
 .text.MCI_FaultAcknowledged
                0x08001918       0x24 ./Application/User/mc_interface.o
                0x08001918                MCI_FaultAcknowledged
 .text.MCI_GetFaultState
                0x0800193c        0xc ./Application/User/mc_interface.o
                0x0800193c                MCI_GetFaultState
 .text.MCI_GetControlMode
                0x08001948        0x8 ./Application/User/mc_interface.o
                0x08001948                MCI_GetControlMode
 .text.MCI_GetImposedMotorDirection
                0x08001950       0x1c ./Application/User/mc_interface.o
                0x08001950                MCI_GetImposedMotorDirection
 .text.MCI_GetLastRampFinalSpeed
                0x0800196c        0x8 ./Application/User/mc_interface.o
                0x0800196c                MCI_GetLastRampFinalSpeed
 .text.MCI_GetLastRampFinalDuration
                0x08001974        0x4 ./Application/User/mc_interface.o
                0x08001974                MCI_GetLastRampFinalDuration
 .text.MCI_StopRamp
                0x08001978        0xc ./Application/User/mc_interface.o
                0x08001978                MCI_StopRamp
 .text.MCI_GetAvrgMecSpeedUnit
                0x08001984        0xc ./Application/User/mc_interface.o
                0x08001984                MCI_GetAvrgMecSpeedUnit
 .text.MCI_GetMecSpeedRefUnit
                0x08001990        0x8 ./Application/User/mc_interface.o
                0x08001990                MCI_GetMecSpeedRefUnit
 .text.MCI_GetDutyCycleRef
                0x08001998        0x8 ./Application/User/mc_interface.o
                0x08001998                MCI_GetDutyCycleRef
 .text.MCboot   0x080019a0       0x6c ./Application/User/mc_tasks.o
                0x080019a0                MCboot
 .text.TSK_SetChargeBootCapDelayM1
                0x08001a0c        0xc ./Application/User/mc_tasks.o
                0x08001a0c                TSK_SetChargeBootCapDelayM1
 .text.TSK_ChargeBootCapDelayHasElapsedM1
                0x08001a18       0x14 ./Application/User/mc_tasks.o
                0x08001a18                TSK_ChargeBootCapDelayHasElapsedM1
 .text.TSK_SetStopPermanencyTimeM1
                0x08001a2c        0xc ./Application/User/mc_tasks.o
                0x08001a2c                TSK_SetStopPermanencyTimeM1
 .text.TSK_StopPermanencyTimeHasElapsedM1
                0x08001a38       0x14 ./Application/User/mc_tasks.o
                0x08001a38                TSK_StopPermanencyTimeHasElapsedM1
 .text.TSK_HighFrequencyTask
                0x08001a4c       0x2c ./Application/User/mc_tasks.o
                0x08001a4c                TSK_HighFrequencyTask
 .text.TSK_SafetyTask_PWMOFF
                0x08001a78       0xa8 ./Application/User/mc_tasks.o
                0x08001a78                TSK_SafetyTask_PWMOFF
 .text.TSK_SafetyTask
                0x08001b20       0x20 ./Application/User/mc_tasks.o
                0x08001b20                TSK_SafetyTask
 .text.MC_RunMotorControlTasks
                0x08001b40       0x90 ./Application/User/mc_tasks.o
                0x08001b40                MC_RunMotorControlTasks
 .text.TSK_HardwareFaultTask
                0x08001bd0       0x1c ./Application/User/mc_tasks.o
                0x08001bd0                TSK_HardwareFaultTask
 .text.UI_HandleStartStopButton_cb
                0x08001bec       0x18 ./Application/User/mc_tasks.o
                0x08001bec                UI_HandleStartStopButton_cb
 .text.mc_lock_pins
                0x08001c04      0x110 ./Application/User/mc_tasks.o
                0x08001c04                mc_lock_pins
 .text.SIX_STEP_Clear
                0x08001d14       0x54 ./Application/User/mc_tasks_sixstep.o
                0x08001d14                SIX_STEP_Clear
 .text.SIX_STEP_Init
                0x08001d68       0x6c ./Application/User/mc_tasks_sixstep.o
                0x08001d68                SIX_STEP_Init
 .text.SixStep_InitAdditionalMethods
                0x08001dd4        0x4 ./Application/User/mc_tasks_sixstep.o
                0x08001dd4                SixStep_InitAdditionalMethods
 .text.SixStep_CalcSpeedRef
                0x08001dd8       0x28 ./Application/User/mc_tasks_sixstep.o
                0x08001dd8                SixStep_CalcSpeedRef
 .text.TSK_MediumFrequencyTaskM1
                0x08001e00      0x2b8 ./Application/User/mc_tasks_sixstep.o
                0x08001e00                TSK_MediumFrequencyTaskM1
 .text.SIX_STEP_HighFrequencyTask
                0x080020b8      0x108 ./Application/User/mc_tasks_sixstep.o
                0x080020b8                SIX_STEP_HighFrequencyTask
 .text.SixStep_StepCommution
                0x080021c0       0xa8 ./Application/User/mc_tasks_sixstep.o
                0x080021c0                SixStep_StepCommution
 .text.RI_SetRegCommandParser
                0x08002268       0xe0 ./Application/User/mcp.o
                0x08002268                RI_SetRegCommandParser
 .text.RI_GetRegCommandParser
                0x08002348       0x8c ./Application/User/mcp.o
                0x08002348                RI_GetRegCommandParser
 .text.MCP_ReceivedPacket
                0x080023d4      0x15c ./Application/User/mcp.o
                0x080023d4                MCP_ReceivedPacket
 .text.MX_MotorControl_Init
                0x08002530       0x3c ./Application/User/motorcontrol.o
                0x08002530                MX_MotorControl_Init
 .text.RI_SetRegisterGlobal
                0x0800256c      0x100 ./Application/User/register_interface.o
                0x0800256c                RI_SetRegisterGlobal
 .text.RI_SetRegisterMotor1
                0x0800266c      0x3d0 ./Application/User/register_interface.o
                0x0800266c                RI_SetRegisterMotor1
 .text.RI_GetRegisterGlobal
                0x08002a3c      0x134 ./Application/User/register_interface.o
                0x08002a3c                RI_GetRegisterGlobal
 .text.RI_GetRegisterMotor1
                0x08002b70      0x578 ./Application/User/register_interface.o
                0x08002b70                RI_GetRegisterMotor1
 .text.RI_GetIDSize
                0x080030e8       0x18 ./Application/User/register_interface.o
                0x080030e8                RI_GetIDSize
 .text.RI_GetPtrReg
                0x08003100       0x30 ./Application/User/register_interface.o
                0x08003100                RI_GetPtrReg
 .text.RCM_RegisterRegConv
                0x08003130      0x244 ./Application/User/regular_conversion_manager.o
                0x08003130                RCM_RegisterRegConv
 .text.RCM_ExecRegularConv
                0x08003374      0x190 ./Application/User/regular_conversion_manager.o
                0x08003374                RCM_ExecRegularConv
 .text.RCM_ExecUserConv
                0x08003504       0x68 ./Application/User/regular_conversion_manager.o
                0x08003504                RCM_ExecUserConv
 .text.RCM_ExecNextConv
                0x0800356c       0x88 ./Application/User/regular_conversion_manager.o
                0x0800356c                RCM_ExecNextConv
 .text.RCM_ReadOngoingConv
                0x080035f4       0x58 ./Application/User/regular_conversion_manager.o
                0x080035f4                RCM_ReadOngoingConv
 .text.USART2_IRQHandler
                0x0800364c      0x120 ./Application/User/stm32_mc_common_it.o
                0x0800364c                USART2_IRQHandler
 .text.HardFault_Handler
                0x0800376c        0x8 ./Application/User/stm32_mc_common_it.o
                0x0800376c                HardFault_Handler
 .text.SysTick_Handler
                0x08003774       0x44 ./Application/User/stm32_mc_common_it.o
                0x08003774                SysTick_Handler
 .text.EXTI15_10_IRQHandler
                0x080037b8       0x18 ./Application/User/stm32_mc_common_it.o
                0x080037b8                EXTI15_10_IRQHandler
 .text.HAL_MspInit
                0x080037d0       0x40 ./Application/User/stm32g4xx_hal_msp.o
                0x080037d0                HAL_MspInit
 .text.HAL_ADC_MspInit
                0x08003810      0x138 ./Application/User/stm32g4xx_hal_msp.o
                0x08003810                HAL_ADC_MspInit
 .text.HAL_TIM_Base_MspInit
                0x08003948       0x98 ./Application/User/stm32g4xx_hal_msp.o
                0x08003948                HAL_TIM_Base_MspInit
 .text.HAL_TIM_MspPostInit
                0x080039e0       0xa8 ./Application/User/stm32g4xx_hal_msp.o
                0x080039e0                HAL_TIM_MspPostInit
 .text.HAL_UART_MspInit
                0x08003a88      0x110 ./Application/User/stm32g4xx_hal_msp.o
                0x08003a88                HAL_UART_MspInit
 .text.ADC1_2_IRQHandler
                0x08003b98       0x50 ./Application/User/stm32g4xx_mc_it.o
                0x08003b98                ADC1_2_IRQHandler
 .text.TIM2_IRQHandler
                0x08003be8       0x64 ./Application/User/stm32g4xx_mc_it.o
                0x08003be8                TIM2_IRQHandler
 .text.TIM1_UP_TIM16_IRQHandler
                0x08003c4c       0x10 ./Application/User/stm32g4xx_mc_it.o
                0x08003c4c                TIM1_UP_TIM16_IRQHandler
 .text.TIM1_BRK_TIM15_IRQHandler
                0x08003c5c       0x3c ./Application/User/stm32g4xx_mc_it.o
                0x08003c5c                TIM1_BRK_TIM15_IRQHandler
 .text.UASPEP_INIT
                0x08003c98       0x84 ./Application/User/usart_aspep_driver.o
                0x08003c98                UASPEP_INIT
 .text.UASPEP_CFG_TRANSMISSION
                0x08003d1c       0x38 ./Application/User/usart_aspep_driver.o
                0x08003d1c                UASPEP_CFG_TRANSMISSION
 .text.UASPEP_CFG_RECEPTION
                0x08003d54       0x3c ./Application/User/usart_aspep_driver.o
                0x08003d54                UASPEP_CFG_RECEPTION
 .text.UASPEP_IDLE_ENABLE
                0x08003d90       0x18 ./Application/User/usart_aspep_driver.o
                0x08003d90                UASPEP_IDLE_ENABLE
 .text.SystemInit
                0x08003da8       0x14 ./Drivers/CMSIS/system_stm32g4xx.o
                0x08003da8                SystemInit
 .text.HAL_InitTick
                0x08003dbc       0x4c ./Drivers/STM32G4xx_HAL_Driver/stm32g4xx_hal.o
                0x08003dbc                HAL_InitTick
 .text.HAL_Init
                0x08003e08       0x30 ./Drivers/STM32G4xx_HAL_Driver/stm32g4xx_hal.o
                0x08003e08                HAL_Init
 .text.HAL_IncTick
                0x08003e38       0x18 ./Drivers/STM32G4xx_HAL_Driver/stm32g4xx_hal.o
                0x08003e38                HAL_IncTick
 .text.HAL_GetTick
                0x08003e50        0xc ./Drivers/STM32G4xx_HAL_Driver/stm32g4xx_hal.o
                0x08003e50                HAL_GetTick
 .text.HAL_ADC_Init
                0x08003e5c      0x214 ./Drivers/STM32G4xx_HAL_Driver/stm32g4xx_hal_adc.o
                0x08003e5c                HAL_ADC_Init
 .text.HAL_ADC_ConfigChannel
                0x08004070      0x55c ./Drivers/STM32G4xx_HAL_Driver/stm32g4xx_hal_adc.o
                0x08004070                HAL_ADC_ConfigChannel
 .text.HAL_ADC_AnalogWDGConfig
                0x080045cc      0x2fc ./Drivers/STM32G4xx_HAL_Driver/stm32g4xx_hal_adc.o
                0x080045cc                HAL_ADC_AnalogWDGConfig
 .text.HAL_ADCEx_InjectedConfigChannel
                0x080048c8      0x67c ./Drivers/STM32G4xx_HAL_Driver/stm32g4xx_hal_adc_ex.o
                0x080048c8                HAL_ADCEx_InjectedConfigChannel
 .text.HAL_ADCEx_MultiModeConfigChannel
                0x08004f44      0x154 ./Drivers/STM32G4xx_HAL_Driver/stm32g4xx_hal_adc_ex.o
                0x08004f44                HAL_ADCEx_MultiModeConfigChannel
 .text.HAL_NVIC_SetPriorityGrouping
                0x08005098       0x24 ./Drivers/STM32G4xx_HAL_Driver/stm32g4xx_hal_cortex.o
                0x08005098                HAL_NVIC_SetPriorityGrouping
 .text.HAL_NVIC_SetPriority
                0x080050bc       0x78 ./Drivers/STM32G4xx_HAL_Driver/stm32g4xx_hal_cortex.o
                0x080050bc                HAL_NVIC_SetPriority
 .text.HAL_NVIC_EnableIRQ
                0x08005134       0x1c ./Drivers/STM32G4xx_HAL_Driver/stm32g4xx_hal_cortex.o
                0x08005134                HAL_NVIC_EnableIRQ
 .text.HAL_NVIC_SystemReset
                0x08005150       0x24 ./Drivers/STM32G4xx_HAL_Driver/stm32g4xx_hal_cortex.o
                0x08005150                HAL_NVIC_SystemReset
 .text.HAL_SYSTICK_Config
                0x08005174       0x34 ./Drivers/STM32G4xx_HAL_Driver/stm32g4xx_hal_cortex.o
                0x08005174                HAL_SYSTICK_Config
 .text.HAL_SYSTICK_Callback
                0x080051a8        0x4 ./Drivers/STM32G4xx_HAL_Driver/stm32g4xx_hal_cortex.o
                0x080051a8                HAL_SYSTICK_Callback
 .text.HAL_SYSTICK_IRQHandler
                0x080051ac        0x8 ./Drivers/STM32G4xx_HAL_Driver/stm32g4xx_hal_cortex.o
                0x080051ac                HAL_SYSTICK_IRQHandler
 .text.HAL_DMA_Init
                0x080051b4      0x124 ./Drivers/STM32G4xx_HAL_Driver/stm32g4xx_hal_dma.o
                0x080051b4                HAL_DMA_Init
 .text.HAL_GPIO_Init
                0x080052d8      0x37c ./Drivers/STM32G4xx_HAL_Driver/stm32g4xx_hal_gpio.o
                0x080052d8                HAL_GPIO_Init
 .text.HAL_GPIO_WritePin
                0x08005654        0xc ./Drivers/STM32G4xx_HAL_Driver/stm32g4xx_hal_gpio.o
                0x08005654                HAL_GPIO_WritePin
 .text.HAL_PWREx_ControlVoltageScaling
                0x08005660       0xe4 ./Drivers/STM32G4xx_HAL_Driver/stm32g4xx_hal_pwr_ex.o
                0x08005660                HAL_PWREx_ControlVoltageScaling
 .text.HAL_PWREx_DisableUCPDDeadBattery
                0x08005744       0x10 ./Drivers/STM32G4xx_HAL_Driver/stm32g4xx_hal_pwr_ex.o
                0x08005744                HAL_PWREx_DisableUCPDDeadBattery
 .text.HAL_RCC_OscConfig
                0x08005754      0x48c ./Drivers/STM32G4xx_HAL_Driver/stm32g4xx_hal_rcc.o
                0x08005754                HAL_RCC_OscConfig
 .text.HAL_RCC_GetSysClockFreq
                0x08005be0       0x70 ./Drivers/STM32G4xx_HAL_Driver/stm32g4xx_hal_rcc.o
                0x08005be0                HAL_RCC_GetSysClockFreq
 .text.HAL_RCC_ClockConfig
                0x08005c50      0x208 ./Drivers/STM32G4xx_HAL_Driver/stm32g4xx_hal_rcc.o
                0x08005c50                HAL_RCC_ClockConfig
 .text.HAL_RCC_GetHCLKFreq
                0x08005e58        0xc ./Drivers/STM32G4xx_HAL_Driver/stm32g4xx_hal_rcc.o
                0x08005e58                HAL_RCC_GetHCLKFreq
 .text.HAL_RCC_GetPCLK1Freq
                0x08005e64       0x24 ./Drivers/STM32G4xx_HAL_Driver/stm32g4xx_hal_rcc.o
                0x08005e64                HAL_RCC_GetPCLK1Freq
 .text.HAL_RCC_GetPCLK2Freq
                0x08005e88       0x24 ./Drivers/STM32G4xx_HAL_Driver/stm32g4xx_hal_rcc.o
                0x08005e88                HAL_RCC_GetPCLK2Freq
 .text.HAL_RCC_EnableCSS
                0x08005eac       0x10 ./Drivers/STM32G4xx_HAL_Driver/stm32g4xx_hal_rcc.o
                0x08005eac                HAL_RCC_EnableCSS
 .text.HAL_RCCEx_PeriphCLKConfig
                0x08005ebc      0x318 ./Drivers/STM32G4xx_HAL_Driver/stm32g4xx_hal_rcc_ex.o
                0x08005ebc                HAL_RCCEx_PeriphCLKConfig
 .text.TIM_OC1_SetConfig
                0x080061d4       0x80 ./Drivers/STM32G4xx_HAL_Driver/stm32g4xx_hal_tim.o
 .text.TIM_OC3_SetConfig
                0x08006254       0x88 ./Drivers/STM32G4xx_HAL_Driver/stm32g4xx_hal_tim.o
 .text.TIM_OC4_SetConfig
                0x080062dc       0x88 ./Drivers/STM32G4xx_HAL_Driver/stm32g4xx_hal_tim.o
 .text.HAL_TIM_Base_Init
                0x08006364      0x154 ./Drivers/STM32G4xx_HAL_Driver/stm32g4xx_hal_tim.o
                0x08006364                HAL_TIM_Base_Init
 .text.HAL_TIM_PWM_MspInit
                0x080064b8        0x4 ./Drivers/STM32G4xx_HAL_Driver/stm32g4xx_hal_tim.o
                0x080064b8                HAL_TIM_PWM_MspInit
 .text.HAL_TIM_PWM_Init
                0x080064bc      0x154 ./Drivers/STM32G4xx_HAL_Driver/stm32g4xx_hal_tim.o
                0x080064bc                HAL_TIM_PWM_Init
 .text.HAL_TIM_ConfigClockSource
                0x08006610      0x1b4 ./Drivers/STM32G4xx_HAL_Driver/stm32g4xx_hal_tim.o
                0x08006610                HAL_TIM_ConfigClockSource
 .text.TIM_OC2_SetConfig
                0x080067c4       0x88 ./Drivers/STM32G4xx_HAL_Driver/stm32g4xx_hal_tim.o
                0x080067c4                TIM_OC2_SetConfig
 .text.HAL_TIM_PWM_ConfigChannel
                0x0800684c      0x1dc ./Drivers/STM32G4xx_HAL_Driver/stm32g4xx_hal_tim.o
                0x0800684c                HAL_TIM_PWM_ConfigChannel
 .text.HAL_TIMEx_MasterConfigSynchronization
                0x08006a28       0xb4 ./Drivers/STM32G4xx_HAL_Driver/stm32g4xx_hal_tim_ex.o
                0x08006a28                HAL_TIMEx_MasterConfigSynchronization
 .text.HAL_TIMEx_ConfigBreakDeadTime
                0x08006adc       0xa4 ./Drivers/STM32G4xx_HAL_Driver/stm32g4xx_hal_tim_ex.o
                0x08006adc                HAL_TIMEx_ConfigBreakDeadTime
 .text.HAL_TIMEx_ConfigBreakInput
                0x08006b80      0x120 ./Drivers/STM32G4xx_HAL_Driver/stm32g4xx_hal_tim_ex.o
                0x08006b80                HAL_TIMEx_ConfigBreakInput
 .text.UART_SetConfig
                0x08006ca0      0x2a0 ./Drivers/STM32G4xx_HAL_Driver/stm32g4xx_hal_uart.o
                0x08006ca0                UART_SetConfig
 .text.UART_AdvFeatureConfig
                0x08006f40       0xb0 ./Drivers/STM32G4xx_HAL_Driver/stm32g4xx_hal_uart.o
                0x08006f40                UART_AdvFeatureConfig
 .text.UART_CheckIdleState
                0x08006ff0      0x258 ./Drivers/STM32G4xx_HAL_Driver/stm32g4xx_hal_uart.o
                0x08006ff0                UART_CheckIdleState
 .text.HAL_UART_Init
                0x08007248       0x68 ./Drivers/STM32G4xx_HAL_Driver/stm32g4xx_hal_uart.o
                0x08007248                HAL_UART_Init
 .text.HAL_UARTEx_DisableFifoMode
                0x080072b0       0x3c ./Drivers/STM32G4xx_HAL_Driver/stm32g4xx_hal_uart_ex.o
                0x080072b0                HAL_UARTEx_DisableFifoMode
 .text.HAL_UARTEx_SetTxFifoThreshold
                0x080072ec       0x84 ./Drivers/STM32G4xx_HAL_Driver/stm32g4xx_hal_uart_ex.o
                0x080072ec                HAL_UARTEx_SetTxFifoThreshold
 .text.HAL_UARTEx_SetRxFifoThreshold
                0x08007370       0x84 ./Drivers/STM32G4xx_HAL_Driver/stm32g4xx_hal_uart_ex.o
                0x08007370                HAL_UARTEx_SetRxFifoThreshold
 .text.VBS_GetAvBusVoltage_V
                0x080073f4        0xc ./Middlewares/MotorControl/bus_voltage_sensor.o
                0x080073f4                VBS_GetAvBusVoltage_V
 .text.BADC_Init
                0x08007400      0x274 ./Middlewares/MotorControl/g4xx_bemf_ADC_fdbk.o
                0x08007400                BADC_Init
 .text.BADC_Clear
                0x08007674       0x20 ./Middlewares/MotorControl/g4xx_bemf_ADC_fdbk.o
                0x08007674                BADC_Clear
 .text.BADC_Start
                0x08007694      0x124 ./Middlewares/MotorControl/g4xx_bemf_ADC_fdbk.o
                0x08007694                BADC_Start
 .text.BADC_Stop
                0x080077b8       0x60 ./Middlewares/MotorControl/g4xx_bemf_ADC_fdbk.o
                0x080077b8                BADC_Stop
 .text.BADC_SpeedMeasureOff
                0x08007818       0x10 ./Middlewares/MotorControl/g4xx_bemf_ADC_fdbk.o
                0x08007818                BADC_SpeedMeasureOff
 .text.BADC_SetSamplingPoint
                0x08007828       0x88 ./Middlewares/MotorControl/g4xx_bemf_ADC_fdbk.o
                0x08007828                BADC_SetSamplingPoint
 .text.BADC_IsZcDetected
                0x080078b0      0x100 ./Middlewares/MotorControl/g4xx_bemf_ADC_fdbk.o
                0x080078b0                BADC_IsZcDetected
 .text.BADC_CalcAvrgMecSpeedUnit
                0x080079b0      0x194 ./Middlewares/MotorControl/g4xx_bemf_ADC_fdbk.o
                0x080079b0                BADC_CalcAvrgMecSpeedUnit
 .text.BADC_SetDirection
                0x08007b44        0x8 ./Middlewares/MotorControl/g4xx_bemf_ADC_fdbk.o
                0x08007b44                BADC_SetDirection
 .text.BADC_IsObserverConverged
                0x08007b4c        0x8 ./Middlewares/MotorControl/g4xx_bemf_ADC_fdbk.o
                0x08007b4c                BADC_IsObserverConverged
 .text.BADC_CalcElAngle
                0x08007b54       0x44 ./Middlewares/MotorControl/g4xx_bemf_ADC_fdbk.o
                0x08007b54                BADC_CalcElAngle
 .text.BADC_StepChangeEvent
                0x08007b98       0x88 ./Middlewares/MotorControl/g4xx_bemf_ADC_fdbk.o
                0x08007b98                BADC_StepChangeEvent
 .text.BADC_CalcRevUpDemagTime
                0x08007c20       0x3c ./Middlewares/MotorControl/g4xx_bemf_ADC_fdbk.o
                0x08007c20                BADC_CalcRevUpDemagTime
 .text.BADC_CalcRunDemagTime
                0x08007c5c       0x2c ./Middlewares/MotorControl/g4xx_bemf_ADC_fdbk.o
                0x08007c5c                BADC_CalcRunDemagTime
 .text.BADC_SetLoopClosed
                0x08007c88       0x30 ./Middlewares/MotorControl/g4xx_bemf_ADC_fdbk.o
                0x08007c88                BADC_SetLoopClosed
 .text.BADC_SetBemfSensorlessParam
                0x08007cb8       0x4c ./Middlewares/MotorControl/g4xx_bemf_ADC_fdbk.o
                0x08007cb8                BADC_SetBemfSensorlessParam
 .text.BADC_GetBemfSensorlessParam
                0x08007d04       0x54 ./Middlewares/MotorControl/g4xx_bemf_ADC_fdbk.o
                0x08007d04                BADC_GetBemfSensorlessParam
 .text.MCPA_dataLog
                0x08007d58      0x17c ./Middlewares/MotorControl/mcpa.o
                0x08007d58                MCPA_dataLog
 .text.MCPA_flushDataLog
                0x08007ed4       0x5c ./Middlewares/MotorControl/mcpa.o
                0x08007ed4                MCPA_flushDataLog
 .text.MCPA_cfgLog
                0x08007f30       0xf4 ./Middlewares/MotorControl/mcpa.o
                0x08007f30                MCPA_cfgLog
 .text.NTC_SetFaultState
                0x08008024       0x2c ./Middlewares/MotorControl/ntc_temperature_sensor.o
                0x08008024                NTC_SetFaultState
 .text.NTC_Init
                0x08008050       0x24 ./Middlewares/MotorControl/ntc_temperature_sensor.o
                0x08008050                NTC_Init
 .text.NTC_CalcAvTemp
                0x08008074       0x30 ./Middlewares/MotorControl/ntc_temperature_sensor.o
                0x08008074                NTC_CalcAvTemp
 .text.NTC_GetAvTemp_C
                0x080080a4       0x24 ./Middlewares/MotorControl/ntc_temperature_sensor.o
                0x080080a4                NTC_GetAvTemp_C
 .text.PID_HandleInit
                0x080080c8       0x10 ./Middlewares/MotorControl/pid_regulator.o
                0x080080c8                PID_HandleInit
 .text.PID_SetKP
                0x080080d8        0x4 ./Middlewares/MotorControl/pid_regulator.o
                0x080080d8                PID_SetKP
 .text.PID_SetKI
                0x080080dc        0x4 ./Middlewares/MotorControl/pid_regulator.o
                0x080080dc                PID_SetKI
 .text.PID_GetKP
                0x080080e0        0x8 ./Middlewares/MotorControl/pid_regulator.o
                0x080080e0                PID_GetKP
 .text.PID_GetKI
                0x080080e8        0x8 ./Middlewares/MotorControl/pid_regulator.o
                0x080080e8                PID_GetKI
 .text.PID_SetIntegralTerm
                0x080080f0        0x4 ./Middlewares/MotorControl/pid_regulator.o
                0x080080f0                PID_SetIntegralTerm
 .text.PID_GetKPDivisorPOW2
                0x080080f4        0x4 ./Middlewares/MotorControl/pid_regulator.o
                0x080080f4                PID_GetKPDivisorPOW2
 .text.PID_SetKPDivisorPOW2
                0x080080f8        0xc ./Middlewares/MotorControl/pid_regulator.o
                0x080080f8                PID_SetKPDivisorPOW2
 .text.PID_GetKIDivisor
                0x08008104        0x4 ./Middlewares/MotorControl/pid_regulator.o
                0x08008104                PID_GetKIDivisor
 .text.PID_GetKIDivisorPOW2
                0x08008108        0x4 ./Middlewares/MotorControl/pid_regulator.o
                0x08008108                PID_GetKIDivisorPOW2
 .text.PID_SetLowerIntegralTermLimit
                0x0800810c        0x4 ./Middlewares/MotorControl/pid_regulator.o
                0x0800810c                PID_SetLowerIntegralTermLimit
 .text.PID_SetUpperIntegralTermLimit
                0x08008110        0x4 ./Middlewares/MotorControl/pid_regulator.o
                0x08008110                PID_SetUpperIntegralTermLimit
 .text.PID_SetKIDivisorPOW2
                0x08008114       0x28 ./Middlewares/MotorControl/pid_regulator.o
                0x08008114                PID_SetKIDivisorPOW2
 .text.PID_SetKD
                0x0800813c        0x4 ./Middlewares/MotorControl/pid_regulator.o
                0x0800813c                PID_SetKD
 .text.PID_GetKD
                0x08008140        0x8 ./Middlewares/MotorControl/pid_regulator.o
                0x08008140                PID_GetKD
 .text.PID_GetKDDivisorPOW2
                0x08008148        0x4 ./Middlewares/MotorControl/pid_regulator.o
                0x08008148                PID_GetKDDivisorPOW2
 .text.PID_SetKDDivisorPOW2
                0x0800814c        0xc ./Middlewares/MotorControl/pid_regulator.o
                0x0800814c                PID_SetKDDivisorPOW2
 .text.PI_Controller
                0x08008158       0x80 ./Middlewares/MotorControl/pid_regulator.o
                0x08008158                PI_Controller
 .text.PWMC_Init
                0x080081d8       0x58 ./Middlewares/MotorControl/pwmc_sixstep.o
                0x080081d8                PWMC_Init
 .text.PWMC_SetPhaseVoltage
                0x08008230       0x10 ./Middlewares/MotorControl/pwmc_sixstep.o
                0x08008230                PWMC_SetPhaseVoltage
 .text.PWMC_LoadNextStep
                0x08008240      0x148 ./Middlewares/MotorControl/pwmc_sixstep.o
                0x08008240                PWMC_LoadNextStep
 .text.PWMC_TurnOnLowSides
                0x08008388       0x60 ./Middlewares/MotorControl/pwmc_sixstep.o
                0x08008388                PWMC_TurnOnLowSides
 .text.PWMC_SwitchOnPWM
                0x080083e8       0x54 ./Middlewares/MotorControl/pwmc_sixstep.o
                0x080083e8                PWMC_SwitchOnPWM
 .text.PWMC_SetADCTriggerChannel
                0x0800843c        0xc ./Middlewares/MotorControl/pwmc_sixstep.o
                0x0800843c                PWMC_SetADCTriggerChannel
 .text.PWMC_SwitchOffPWM
                0x08008448       0x54 ./Middlewares/MotorControl/pwmc_sixstep.o
                0x08008448                PWMC_SwitchOffPWM
 .text.PWMC_BRK_IRQHandler
                0x0800849c       0x18 ./Middlewares/MotorControl/pwmc_sixstep.o
                0x0800849c                PWMC_BRK_IRQHandler
 .text.PWMC_DisableHighFreqTask
                0x080084b4       0x10 ./Middlewares/MotorControl/pwmc_sixstep.o
                0x080084b4                PWMC_DisableHighFreqTask
 .text.PWMC_SetAlignFlag
                0x080084c4        0x4 ./Middlewares/MotorControl/pwmc_sixstep.o
                0x080084c4                PWMC_SetAlignFlag
 .text.PWMC_ElAngleToStep
                0x080084c8       0x70 ./Middlewares/MotorControl/pwmc_sixstep.o
                0x080084c8                PWMC_ElAngleToStep
 .text.PWMC_ForceNextStep
                0x08008538       0x24 ./Middlewares/MotorControl/pwmc_sixstep.o
                0x08008538                PWMC_ForceNextStep
 .text.PWMC_IsFaultOccurred
                0x0800855c       0x2c ./Middlewares/MotorControl/pwmc_sixstep.o
                0x0800855c                PWMC_IsFaultOccurred
 .text.PWMC_GetLSModConfig
                0x08008588       0x28 ./Middlewares/MotorControl/pwmc_sixstep.o
                0x08008588                PWMC_GetLSModConfig
 .text.PWMC_SetLSModConfig
                0x080085b0       0x2c ./Middlewares/MotorControl/pwmc_sixstep.o
                0x080085b0                PWMC_SetLSModConfig
 .text.PWMC_GetQuasiSynchState
                0x080085dc        0x4 ./Middlewares/MotorControl/pwmc_sixstep.o
                0x080085dc                PWMC_GetQuasiSynchState
 .text.PWMC_SetQuasiSynchState
                0x080085e0       0x10 ./Middlewares/MotorControl/pwmc_sixstep.o
                0x080085e0                PWMC_SetQuasiSynchState
 .text.RVBS_Clear
                0x080085f0       0x3c ./Middlewares/MotorControl/r_divider_bus_voltage_sensor.o
                0x080085f0                RVBS_Clear
 .text.RVBS_Init
                0x0800862c        0x8 ./Middlewares/MotorControl/r_divider_bus_voltage_sensor.o
                0x0800862c                RVBS_Init
 .text.RVBS_CheckFaultState
                0x08008634       0x50 ./Middlewares/MotorControl/r_divider_bus_voltage_sensor.o
                0x08008634                RVBS_CheckFaultState
 .text.RVBS_CalcAvVbus
                0x08008684       0x5c ./Middlewares/MotorControl/r_divider_bus_voltage_sensor.o
                0x08008684                RVBS_CalcAvVbus
 .text.RUC_Init
                0x080086e0       0x44 ./Middlewares/MotorControl/revup_ctrl_sixstep.o
                0x080086e0                RUC_Init
 .text.RUC_Clear
                0x08008724       0x98 ./Middlewares/MotorControl/revup_ctrl_sixstep.o
                0x08008724                RUC_Clear
 .text.RUC_UpdatePulse
                0x080087bc       0x18 ./Middlewares/MotorControl/revup_ctrl_sixstep.o
                0x080087bc                RUC_UpdatePulse
 .text.RUC_Exec
                0x080087d4       0x84 ./Middlewares/MotorControl/revup_ctrl_sixstep.o
                0x080087d4                RUC_Exec
 .text.RUC_IsAlignStageNow
                0x08008858       0x1c ./Middlewares/MotorControl/revup_ctrl_sixstep.o
                0x08008858                RUC_IsAlignStageNow
 .text.RUC_FirstAccelerationStageReached
                0x08008874       0x14 ./Middlewares/MotorControl/revup_ctrl_sixstep.o
                0x08008874                RUC_FirstAccelerationStageReached
 .text.RUC_GetDirection
                0x08008888        0x8 ./Middlewares/MotorControl/revup_ctrl_sixstep.o
                0x08008888                RUC_GetDirection
 .text.STC_Init
                0x08008890       0x2c ./Middlewares/MotorControl/speed_ctrl.o
                0x08008890                STC_Init
 .text.STC_SetSpeedSensor
                0x080088bc        0x8 ./Middlewares/MotorControl/speed_ctrl.o
                0x080088bc                STC_SetSpeedSensor
 .text.STC_Clear
                0x080088c4       0x28 ./Middlewares/MotorControl/speed_ctrl.o
                0x080088c4                STC_Clear
 .text.STC_GetMecSpeedRefUnit
                0x080088ec       0x14 ./Middlewares/MotorControl/speed_ctrl.o
                0x080088ec                STC_GetMecSpeedRefUnit
 .text.STC_GetDutyCycleRef
                0x08008900        0x8 ./Middlewares/MotorControl/speed_ctrl.o
                0x08008900                STC_GetDutyCycleRef
 .text.STC_SetControlMode
                0x08008908        0xc ./Middlewares/MotorControl/speed_ctrl.o
                0x08008908                STC_SetControlMode
 .text.STC_ExecRamp
                0x08008914       0x90 ./Middlewares/MotorControl/speed_ctrl.o
                0x08008914                STC_ExecRamp
 .text.STC_CalcSpeedReference
                0x080089a4       0xa4 ./Middlewares/MotorControl/speed_ctrl.o
                0x080089a4                STC_CalcSpeedReference
 .text.STC_GetMecSpeedRefUnitDefault
                0x08008a48        0x8 ./Middlewares/MotorControl/speed_ctrl.o
                0x08008a48                STC_GetMecSpeedRefUnitDefault
 .text.STC_ForceSpeedReferenceToCurrentSpeed
                0x08008a50       0x14 ./Middlewares/MotorControl/speed_ctrl.o
                0x08008a50                STC_ForceSpeedReferenceToCurrentSpeed
 .text.SPD_GetAvrgMecSpeedUnit
                0x08008a64        0x8 ./Middlewares/MotorControl/speed_pos_fdbk.o
                0x08008a64                SPD_GetAvrgMecSpeedUnit
 .text.SPD_GetElSpeedDpp
                0x08008a6c        0x8 ./Middlewares/MotorControl/speed_pos_fdbk.o
                0x08008a6c                SPD_GetElSpeedDpp
 .text.SPD_IsMecSpeedReliable
                0x08008a74       0x6c ./Middlewares/MotorControl/speed_pos_fdbk.o
                0x08008a74                SPD_IsMecSpeedReliable
 .text.VSS_Clear
                0x08008ae0       0x1c ./Middlewares/MotorControl/virtual_speed_sensor.o
                0x08008ae0                VSS_Clear
 .text.VSS_Init
                0x08008afc        0x8 ./Middlewares/MotorControl/virtual_speed_sensor.o
                0x08008afc                VSS_Init
 .text.VSS_CalcElAngle
                0x08008b04       0xa4 ./Middlewares/MotorControl/virtual_speed_sensor.o
                0x08008b04                VSS_CalcElAngle
 .text.VSS_CalcAvrgMecSpeedUnit
                0x08008ba8       0xa4 ./Middlewares/MotorControl/virtual_speed_sensor.o
                0x08008ba8                VSS_CalcAvrgMecSpeedUnit
 .text.VSS_SetMecAcceleration
                0x08008c4c       0x78 ./Middlewares/MotorControl/virtual_speed_sensor.o
                0x08008c4c                VSS_SetMecAcceleration
 .text.VSS_SetStartTransition
                0x08008cc4       0x1c ./Middlewares/MotorControl/virtual_speed_sensor.o
                0x08008cc4                VSS_SetStartTransition
 .text.VSS_TransitionEnded
                0x08008ce0        0x8 ./Middlewares/MotorControl/virtual_speed_sensor.o
                0x08008ce0                VSS_TransitionEnded
 .text.memset   0x08008ce8       0x10 C:/ST/STM32CubeIDE_1.16.0/STM32CubeIDE/plugins/com.st.stm32cube.ide.mcu.externaltools.gnu-tools-for-stm32.13.3.rel1.win32_1.0.0.202411081344/tools/bin/../lib/gcc/arm-none-eabi/13.3.1/../../../../arm-none-eabi/lib/thumb/v7e-m+fp/hard\libc_nano.a(libc_a-memset.o)
                0x08008ce8                memset
 .text.__libc_init_array
                0x08008cf8       0x48 C:/ST/STM32CubeIDE_1.16.0/STM32CubeIDE/plugins/com.st.stm32cube.ide.mcu.externaltools.gnu-tools-for-stm32.13.3.rel1.win32_1.0.0.202411081344/tools/bin/../lib/gcc/arm-none-eabi/13.3.1/../../../../arm-none-eabi/lib/thumb/v7e-m+fp/hard\libc_nano.a(libc_a-init.o)
                0x08008cf8                __libc_init_array
 .text.memcpy   0x08008d40       0x1c C:/ST/STM32CubeIDE_1.16.0/STM32CubeIDE/plugins/com.st.stm32cube.ide.mcu.externaltools.gnu-tools-for-stm32.13.3.rel1.win32_1.0.0.202411081344/tools/bin/../lib/gcc/arm-none-eabi/13.3.1/../../../../arm-none-eabi/lib/thumb/v7e-m+fp/hard\libc_nano.a(libc_a-memcpy-stub.o)
                0x08008d40                memcpy
 *(.glue_7)
 .glue_7        0x08008d5c        0x0 linker stubs
 *(.glue_7t)
 .glue_7t       0x08008d5c        0x0 linker stubs
 *(.eh_frame)
 .eh_frame      0x08008d5c        0x0 C:/ST/STM32CubeIDE_1.16.0/STM32CubeIDE/plugins/com.st.stm32cube.ide.mcu.externaltools.gnu-tools-for-stm32.13.3.rel1.win32_1.0.0.202411081344/tools/bin/../lib/gcc/arm-none-eabi/13.3.1/thumb/v7e-m+fp/hard/crtbegin.o
 *(.init)
 .init          0x08008d5c        0x4 C:/ST/STM32CubeIDE_1.16.0/STM32CubeIDE/plugins/com.st.stm32cube.ide.mcu.externaltools.gnu-tools-for-stm32.13.3.rel1.win32_1.0.0.202411081344/tools/bin/../lib/gcc/arm-none-eabi/13.3.1/thumb/v7e-m+fp/hard/crti.o
                0x08008d5c                _init
 .init          0x08008d60        0x8 C:/ST/STM32CubeIDE_1.16.0/STM32CubeIDE/plugins/com.st.stm32cube.ide.mcu.externaltools.gnu-tools-for-stm32.13.3.rel1.win32_1.0.0.202411081344/tools/bin/../lib/gcc/arm-none-eabi/13.3.1/thumb/v7e-m+fp/hard/crtn.o
 *(.fini)
 .fini          0x08008d68        0x4 C:/ST/STM32CubeIDE_1.16.0/STM32CubeIDE/plugins/com.st.stm32cube.ide.mcu.externaltools.gnu-tools-for-stm32.13.3.rel1.win32_1.0.0.202411081344/tools/bin/../lib/gcc/arm-none-eabi/13.3.1/thumb/v7e-m+fp/hard/crti.o
                0x08008d68                _fini
 .fini          0x08008d6c        0x8 C:/ST/STM32CubeIDE_1.16.0/STM32CubeIDE/plugins/com.st.stm32cube.ide.mcu.externaltools.gnu-tools-for-stm32.13.3.rel1.win32_1.0.0.202411081344/tools/bin/../lib/gcc/arm-none-eabi/13.3.1/thumb/v7e-m+fp/hard/crtn.o
                0x08008d74                        . = ALIGN (0x4)
                0x08008d74                        _etext = .

.vfp11_veneer   0x08008d74        0x0
 .vfp11_veneer  0x08008d74        0x0 linker stubs

.v4_bx          0x08008d74        0x0
 .v4_bx         0x08008d74        0x0 linker stubs

.iplt           0x08008d74        0x0
 .iplt          0x08008d74        0x0 C:/ST/STM32CubeIDE_1.16.0/STM32CubeIDE/plugins/com.st.stm32cube.ide.mcu.externaltools.gnu-tools-for-stm32.13.3.rel1.win32_1.0.0.202411081344/tools/bin/../lib/gcc/arm-none-eabi/13.3.1/thumb/v7e-m+fp/hard/crtbegin.o

.rodata         0x08008d74      0x268
                0x08008d74                        . = ALIGN (0x4)
 *(.rodata)
 *(.rodata*)
 .rodata.CRC4_Lookup4
                0x08008d74       0x10 ./Application/User/aspep.o
 .rodata.CRC4_Lookup8
                0x08008d84      0x100 ./Application/User/aspep.o
 .rodata.M1_SixStepConfig_reg
                0x08008e84        0xb ./Application/User/mc_configuration_registers.o
 *fill*         0x08008e8f        0x1 
 .rodata.M1_MotorConfig_reg
                0x08008e90       0x3c ./Application/User/mc_configuration_registers.o
 .rodata.M1_ApplicationConfig_reg
                0x08008ecc       0x10 ./Application/User/mc_configuration_registers.o
 .rodata.globalConfig_reg
                0x08008edc        0xa ./Application/User/mc_configuration_registers.o
                0x08008edc                globalConfig_reg
 *fill*         0x08008ee6        0x2 
 .rodata.FIRMWARE_NAME
                0x08008ee8       0x14 ./Application/User/mc_configuration_registers.o
                0x08008ee8                FIRMWARE_NAME
 .rodata.M1_PWR_BOARD
                0x08008efc       0x11 ./Application/User/mc_configuration_registers.o
 *fill*         0x08008f0d        0x3 
 .rodata.CTL_BOARD
                0x08008f10        0xe ./Application/User/mc_configuration_registers.o
                0x08008f10                CTL_BOARD
 *fill*         0x08008f1e        0x2 
 .rodata.Bemf_ADC_ParamsM1
                0x08008f20       0x44 ./Application/User/mc_parameters.o
                0x08008f20                Bemf_ADC_ParamsM1
 .rodata.PWMC_ParamsM1
                0x08008f64       0x1c ./Application/User/mc_parameters.o
                0x08008f64                PWMC_ParamsM1
 .rodata.CSWTCH.39
                0x08008f80       0x11 ./Application/User/register_interface.o
 *fill*         0x08008f91        0x3 
 .rodata.CHANNEL_OFFSET_TAB
                0x08008f94        0x8 ./Application/User/usart_aspep_driver.o
 .rodata.APBPrescTable
                0x08008f9c        0x8 ./Drivers/CMSIS/system_stm32g4xx.o
                0x08008f9c                APBPrescTable
 .rodata.AHBPrescTable
                0x08008fa4       0x10 ./Drivers/CMSIS/system_stm32g4xx.o
                0x08008fa4                AHBPrescTable
 .rodata.UARTPrescTable
                0x08008fb4       0x18 ./Drivers/STM32G4xx_HAL_Driver/stm32g4xx_hal_uart.o
                0x08008fb4                UARTPrescTable
 .rodata.denominator.0
                0x08008fcc        0x8 ./Drivers/STM32G4xx_HAL_Driver/stm32g4xx_hal_uart_ex.o
 .rodata.numerator.1
                0x08008fd4        0x8 ./Drivers/STM32G4xx_HAL_Driver/stm32g4xx_hal_uart_ex.o
                0x08008fdc                        . = ALIGN (0x4)

.ARM.extab      0x08008fdc        0x0
                0x08008fdc                        . = ALIGN (0x4)
 *(.ARM.extab* .gnu.linkonce.armextab.*)
                0x08008fdc                        . = ALIGN (0x4)

.ARM            0x08008fdc        0x8
                0x08008fdc                        . = ALIGN (0x4)
                0x08008fdc                        __exidx_start = .
 *(.ARM.exidx*)
 .ARM.exidx     0x08008fdc        0x8 C:/ST/STM32CubeIDE_1.16.0/STM32CubeIDE/plugins/com.st.stm32cube.ide.mcu.externaltools.gnu-tools-for-stm32.13.3.rel1.win32_1.0.0.202411081344/tools/bin/../lib/gcc/arm-none-eabi/13.3.1/thumb/v7e-m+fp/hard\libgcc.a(_udivmoddi4.o)
                0x08008fe4                        __exidx_end = .
                0x08008fe4                        . = ALIGN (0x4)

.preinit_array  0x08008fe4        0x0
                0x08008fe4                        . = ALIGN (0x4)
                0x08008fe4                        PROVIDE (__preinit_array_start = .)
 *(.preinit_array*)
                0x08008fe4                        PROVIDE (__preinit_array_end = .)
                0x08008fe4                        . = ALIGN (0x4)

.init_array     0x08008fe4        0x4
                0x08008fe4                        . = ALIGN (0x4)
                0x08008fe4                        PROVIDE (__init_array_start = .)
 *(SORT_BY_NAME(.init_array.*))
 *(.init_array*)
 .init_array    0x08008fe4        0x4 C:/ST/STM32CubeIDE_1.16.0/STM32CubeIDE/plugins/com.st.stm32cube.ide.mcu.externaltools.gnu-tools-for-stm32.13.3.rel1.win32_1.0.0.202411081344/tools/bin/../lib/gcc/arm-none-eabi/13.3.1/thumb/v7e-m+fp/hard/crtbegin.o
                0x08008fe8                        PROVIDE (__init_array_end = .)
                0x08008fe8                        . = ALIGN (0x4)

.fini_array     0x08008fe8        0x4
                0x08008fe8                        . = ALIGN (0x4)
                [!provide]                        PROVIDE (__fini_array_start = .)
 *(SORT_BY_NAME(.fini_array.*))
 *(.fini_array*)
 .fini_array    0x08008fe8        0x4 C:/ST/STM32CubeIDE_1.16.0/STM32CubeIDE/plugins/com.st.stm32cube.ide.mcu.externaltools.gnu-tools-for-stm32.13.3.rel1.win32_1.0.0.202411081344/tools/bin/../lib/gcc/arm-none-eabi/13.3.1/thumb/v7e-m+fp/hard/crtbegin.o
                [!provide]                        PROVIDE (__fini_array_end = .)
                0x08008fec                        . = ALIGN (0x4)
                0x08008fec                        _sidata = LOADADDR (.data)

.rel.dyn        0x08008fec        0x0
 .rel.iplt      0x08008fec        0x0 C:/ST/STM32CubeIDE_1.16.0/STM32CubeIDE/plugins/com.st.stm32cube.ide.mcu.externaltools.gnu-tools-for-stm32.13.3.rel1.win32_1.0.0.202411081344/tools/bin/../lib/gcc/arm-none-eabi/13.3.1/thumb/v7e-m+fp/hard/crtbegin.o

.data           0x20000000      0x488 load address 0x08008fec
                0x20000000                        . = ALIGN (0x4)
                0x20000000                        _sdata = .
 *(.data)
 *(.data*)
 .data.Mci      0x20000000       0x24 ./Application/User/mc_config.o
                0x20000000                Mci
 .data.pSTC     0x20000024        0x4 ./Application/User/mc_config.o
                0x20000024                pSTC
 .data.PWM_Handle_M1
                0x20000028       0x34 ./Application/User/mc_config.o
                0x20000028                PWM_Handle_M1
 .data.Bemf_ADC_M1
                0x2000005c      0x100 ./Application/User/mc_config.o
                0x2000005c                Bemf_ADC_M1
 .data.RevUpControlM1
                0x2000015c       0x58 ./Application/User/mc_config.o
                0x2000015c                RevUpControlM1
 .data.SpeednTorqCtrlM1
                0x200001b4       0x30 ./Application/User/mc_config.o
                0x200001b4                SpeednTorqCtrlM1
 .data.PIDSpeedHandle_M1
                0x200001e4       0x2c ./Application/User/mc_config.o
                0x200001e4                PIDSpeedHandle_M1
 .data.BusVoltageSensor_M1
                0x20000210       0x1c ./Application/User/mc_config_common.o
                0x20000210                BusVoltageSensor_M1
 .data.VbusRegConv_M1
                0x2000022c       0x10 ./Application/User/mc_config_common.o
                0x2000022c                VbusRegConv_M1
 .data.TempSensor_M1
                0x2000023c       0x1c ./Application/User/mc_config_common.o
                0x2000023c                TempSensor_M1
 .data.TempRegConv_M1
                0x20000258       0x10 ./Application/User/mc_config_common.o
                0x20000258                TempRegConv_M1
 .data.VirtualSpeedSensorM1
                0x20000268       0x38 ./Application/User/mc_config_common.o
                0x20000268                VirtualSpeedSensorM1
 .data.ApplicationConfig_reg
                0x200002a0        0x4 ./Application/User/mc_configuration_registers.o
                0x200002a0                ApplicationConfig_reg
 .data.MotorConfig_reg
                0x200002a4        0x4 ./Application/User/mc_configuration_registers.o
                0x200002a4                MotorConfig_reg
 .data.SixStepConfig_reg
                0x200002a8        0x4 ./Application/User/mc_configuration_registers.o
                0x200002a8                SixStepConfig_reg
 .data.PWR_BOARD_NAME
                0x200002ac        0x4 ./Application/User/mc_configuration_registers.o
                0x200002ac                PWR_BOARD_NAME
 .data.scaleParams_M1
                0x200002b0       0x10 ./Application/User/mc_parameters.o
                0x200002b0                scaleParams_M1
 .data.SixPwm_TimerCfgM1
                0x200002c0       0xf4 ./Application/User/mc_parameters.o
                0x200002c0                SixPwm_TimerCfgM1
 .data.MCPA_UART_A
                0x200003b4       0x2c ./Application/User/mcp_config.o
                0x200003b4                MCPA_UART_A
 .data.MCP_Over_UartA
                0x200003e0       0x10 ./Application/User/mcp_config.o
                0x200003e0                MCP_Over_UartA
 .data.aspepOverUartA
                0x200003f0       0x74 ./Application/User/mcp_config.o
                0x200003f0                aspepOverUartA
 .data.UASPEP_A
                0x20000464       0x14 ./Application/User/mcp_config.o
 .data.SystickDividerCounter.0
                0x20000478        0x1 ./Application/User/stm32_mc_common_it.o
 *fill*         0x20000479        0x3 
 .data.SystemCoreClock
                0x2000047c        0x4 ./Drivers/CMSIS/system_stm32g4xx.o
                0x2000047c                SystemCoreClock
 .data.uwTickFreq
                0x20000480        0x4 ./Drivers/STM32G4xx_HAL_Driver/stm32g4xx_hal.o
                0x20000480                uwTickFreq
 .data.uwTickPrio
                0x20000484        0x4 ./Drivers/STM32G4xx_HAL_Driver/stm32g4xx_hal.o
                0x20000484                uwTickPrio
 *(.RamFunc)
 *(.RamFunc*)
                0x20000488                        . = ALIGN (0x4)
                0x20000488                        _edata = .

.igot.plt       0x20000488        0x0 load address 0x08009474
 .igot.plt      0x20000488        0x0 C:/ST/STM32CubeIDE_1.16.0/STM32CubeIDE/plugins/com.st.stm32cube.ide.mcu.externaltools.gnu-tools-for-stm32.13.3.rel1.win32_1.0.0.202411081344/tools/bin/../lib/gcc/arm-none-eabi/13.3.1/thumb/v7e-m+fp/hard/crtbegin.o
                0x20000488                        . = ALIGN (0x4)

.bss            0x20000488     0x15f4 load address 0x08009474
                0x20000488                        _sbss = .
                0x20000488                        __bss_start__ = _sbss
 *(.bss)
 .bss           0x20000488       0x1c C:/ST/STM32CubeIDE_1.16.0/STM32CubeIDE/plugins/com.st.stm32cube.ide.mcu.externaltools.gnu-tools-for-stm32.13.3.rel1.win32_1.0.0.202411081344/tools/bin/../lib/gcc/arm-none-eabi/13.3.1/thumb/v7e-m+fp/hard/crtbegin.o
 *(.bss*)
 .bss.hdma_usart2_tx
                0x200004a4       0x60 ./Application/User/main.o
                0x200004a4                hdma_usart2_tx
 .bss.hdma_usart2_rx
                0x20000504       0x60 ./Application/User/main.o
                0x20000504                hdma_usart2_rx
 .bss.huart2    0x20000564       0x94 ./Application/User/main.o
                0x20000564                huart2
 .bss.htim2     0x200005f8       0x4c ./Application/User/main.o
                0x200005f8                htim2
 .bss.htim1     0x20000644       0x4c ./Application/User/main.o
                0x20000644                htim1
 .bss.hadc2     0x20000690       0x6c ./Application/User/main.o
                0x20000690                hadc2
 .bss.hadc1     0x200006fc       0x6c ./Application/User/main.o
                0x200006fc                hadc1
 .bss.SixStepVars
                0x20000768        0x8 ./Application/User/mc_config.o
                0x20000768                SixStepVars
 .bss.pwmcHandle
                0x20000770        0x4 ./Application/User/mc_config_common.o
                0x20000770                pwmcHandle
 .bss.RealBusVoltageSensorFilterBufferM1
                0x20000774        0xc ./Application/User/mc_config_common.o
 .bss.bMCBootCompleted
                0x20000780        0x1 ./Application/User/mc_tasks.o
 *fill*         0x20000781        0x1 
 .bss.hStopPermanencyCounterM1
                0x20000782        0x2 ./Application/User/mc_tasks.o
 .bss.hBootCapDelayCounterM1
                0x20000784        0x2 ./Application/User/mc_tasks.o
 .bss.hMFTaskCounterM1
                0x20000786        0x2 ./Application/User/mc_tasks.o
 .bss.MCP_UserCallBack
                0x20000788        0x8 ./Application/User/mcp_config.o
                0x20000788                MCP_UserCallBack
 .bss.dataSizeTableBuffA
                0x20000790        0xa ./Application/User/mcp_config.o
 *fill*         0x2000079a        0x2 
 .bss.dataSizeTableA
                0x2000079c        0xa ./Application/User/mcp_config.o
 *fill*         0x200007a6        0x2 
 .bss.dataPtrTableBuffA
                0x200007a8       0x28 ./Application/User/mcp_config.o
 .bss.dataPtrTableA
                0x200007d0       0x28 ./Application/User/mcp_config.o
 .bss.MCPAsyncBuffUARTA_B
                0x200007f8      0x806 ./Application/User/mcp_config.o
 *fill*         0x20000ffe        0x2 
 .bss.MCPAsyncBuffUARTA_A
                0x20001000      0x806 ./Application/User/mcp_config.o
 *fill*         0x20001806        0x2 
 .bss.MCPSyncRXBuff
                0x20001808      0x102 ./Application/User/mcp_config.o
 *fill*         0x2000190a        0x2 
 .bss.MCPSyncTxBuff
                0x2000190c      0x106 ./Application/User/mcp_config.o
 *fill*         0x20001a12        0x2 
 .bss.pMCI      0x20001a14        0x4 ./Application/User/motorcontrol.o
                0x20001a14                pMCI
 .bss.nullData16.0
                0x20001a18        0x2 ./Application/User/register_interface.o
 *fill*         0x20001a1a        0x2 
 .bss.RCM_UserConvHandle
                0x20001a1c        0x4 ./Application/User/regular_conversion_manager.o
 .bss.RCM_UserConvState
                0x20001a20        0x1 ./Application/User/regular_conversion_manager.o
 *fill*         0x20001a21        0x1 
 .bss.RCM_UserConvValue
                0x20001a22        0x2 ./Application/User/regular_conversion_manager.o
 .bss.RCM_currentHandle
                0x20001a24        0x1 ./Application/User/regular_conversion_manager.o
 *fill*         0x20001a25        0x3 
 .bss.RCM_NoInj_array
                0x20001a28       0x18 ./Application/User/regular_conversion_manager.o
 .bss.RCM_CB_array
                0x20001a40       0x20 ./Application/User/regular_conversion_manager.o
 .bss.RCM_handle_array
                0x20001a60       0x10 ./Application/User/regular_conversion_manager.o
 .bss.HAL_RCC_ADC12_CLK_ENABLED
                0x20001a70        0x4 ./Application/User/stm32g4xx_hal_msp.o
 .bss.uwTick    0x20001a74        0x4 ./Drivers/STM32G4xx_HAL_Driver/stm32g4xx_hal.o
                0x20001a74                uwTick
 .bss.GLOBAL_TIMESTAMP
                0x20001a78        0x4 ./Middlewares/MotorControl/mcpa.o
                0x20001a78                GLOBAL_TIMESTAMP
 *(COMMON)
                0x20001a7c                        . = ALIGN (0x4)
                0x20001a7c                        _ebss = .
                0x20001a7c                        __bss_end__ = _ebss

._user_heap_stack
                0x20001a7c      0x604 load address 0x08009474
                0x20001a80                        . = ALIGN (0x8)
 *fill*         0x20001a7c        0x4 
                [!provide]                        PROVIDE (end = .)
                0x20001a80                        PROVIDE (_end = .)
                0x20001c80                        . = (. + _Min_Heap_Size)
 *fill*         0x20001a80      0x200 
                0x20002080                        . = (. + _Min_Stack_Size)
 *fill*         0x20001c80      0x400 
                0x20002080                        . = ALIGN (0x8)

/DISCARD/
 libc.a(*)
 libm.a(*)
 libgcc.a(*)

.ARM.attributes
                0x00000000       0x30
 *(.ARM.attributes)
 .ARM.attributes
                0x00000000       0x22 C:/ST/STM32CubeIDE_1.16.0/STM32CubeIDE/plugins/com.st.stm32cube.ide.mcu.externaltools.gnu-tools-for-stm32.13.3.rel1.win32_1.0.0.202411081344/tools/bin/../lib/gcc/arm-none-eabi/13.3.1/thumb/v7e-m+fp/hard/crti.o
 .ARM.attributes
                0x00000022       0x34 C:/ST/STM32CubeIDE_1.16.0/STM32CubeIDE/plugins/com.st.stm32cube.ide.mcu.externaltools.gnu-tools-for-stm32.13.3.rel1.win32_1.0.0.202411081344/tools/bin/../lib/gcc/arm-none-eabi/13.3.1/thumb/v7e-m+fp/hard/crtbegin.o
 .ARM.attributes
                0x00000056       0x21 ./Application/Startup/startup_stm32g474retx.o
 .ARM.attributes
                0x00000077       0x30 ./Application/User/aspep.o
 .ARM.attributes
                0x000000a7       0x30 ./Application/User/main.o
 .ARM.attributes
                0x000000d7       0x30 ./Application/User/mc_api.o
 .ARM.attributes
                0x00000107       0x30 ./Application/User/mc_app_hooks.o
 .ARM.attributes
                0x00000137       0x30 ./Application/User/mc_config.o
 .ARM.attributes
                0x00000167       0x30 ./Application/User/mc_config_common.o
 .ARM.attributes
                0x00000197       0x30 ./Application/User/mc_configuration_registers.o
 .ARM.attributes
                0x000001c7       0x30 ./Application/User/mc_interface.o
 .ARM.attributes
                0x000001f7       0x30 ./Application/User/mc_parameters.o
 .ARM.attributes
                0x00000227       0x30 ./Application/User/mc_tasks.o
 .ARM.attributes
                0x00000257       0x30 ./Application/User/mc_tasks_sixstep.o
 .ARM.attributes
                0x00000287       0x30 ./Application/User/mcp.o
 .ARM.attributes
                0x000002b7       0x30 ./Application/User/mcp_config.o
 .ARM.attributes
                0x000002e7       0x30 ./Application/User/motorcontrol.o
 .ARM.attributes
                0x00000317       0x30 ./Application/User/register_interface.o
 .ARM.attributes
                0x00000347       0x30 ./Application/User/regular_conversion_manager.o
 .ARM.attributes
                0x00000377       0x30 ./Application/User/stm32_mc_common_it.o
 .ARM.attributes
                0x000003a7       0x30 ./Application/User/stm32g4xx_hal_msp.o
 .ARM.attributes
                0x000003d7       0x30 ./Application/User/stm32g4xx_mc_it.o
 .ARM.attributes
                0x00000407       0x30 ./Application/User/usart_aspep_driver.o
 .ARM.attributes
                0x00000437       0x30 ./Drivers/CMSIS/system_stm32g4xx.o
 .ARM.attributes
                0x00000467       0x30 ./Drivers/STM32G4xx_HAL_Driver/stm32g4xx_hal.o
 .ARM.attributes
                0x00000497       0x30 ./Drivers/STM32G4xx_HAL_Driver/stm32g4xx_hal_adc.o
 .ARM.attributes
                0x000004c7       0x30 ./Drivers/STM32G4xx_HAL_Driver/stm32g4xx_hal_adc_ex.o
 .ARM.attributes
                0x000004f7       0x30 ./Drivers/STM32G4xx_HAL_Driver/stm32g4xx_hal_cortex.o
 .ARM.attributes
                0x00000527       0x30 ./Drivers/STM32G4xx_HAL_Driver/stm32g4xx_hal_dma.o
 .ARM.attributes
                0x00000557       0x30 ./Drivers/STM32G4xx_HAL_Driver/stm32g4xx_hal_gpio.o
 .ARM.attributes
                0x00000587       0x30 ./Drivers/STM32G4xx_HAL_Driver/stm32g4xx_hal_pwr_ex.o
 .ARM.attributes
                0x000005b7       0x30 ./Drivers/STM32G4xx_HAL_Driver/stm32g4xx_hal_rcc.o
 .ARM.attributes
                0x000005e7       0x30 ./Drivers/STM32G4xx_HAL_Driver/stm32g4xx_hal_rcc_ex.o
 .ARM.attributes
                0x00000617       0x30 ./Drivers/STM32G4xx_HAL_Driver/stm32g4xx_hal_tim.o
 .ARM.attributes
                0x00000647       0x30 ./Drivers/STM32G4xx_HAL_Driver/stm32g4xx_hal_tim_ex.o
 .ARM.attributes
                0x00000677       0x30 ./Drivers/STM32G4xx_HAL_Driver/stm32g4xx_hal_uart.o
 .ARM.attributes
                0x000006a7       0x30 ./Drivers/STM32G4xx_HAL_Driver/stm32g4xx_hal_uart_ex.o
 .ARM.attributes
                0x000006d7       0x30 ./Middlewares/MotorControl/bus_voltage_sensor.o
 .ARM.attributes
                0x00000707       0x30 ./Middlewares/MotorControl/g4xx_bemf_ADC_fdbk.o
 .ARM.attributes
                0x00000737       0x30 ./Middlewares/MotorControl/mcpa.o
 .ARM.attributes
                0x00000767       0x30 ./Middlewares/MotorControl/ntc_temperature_sensor.o
 .ARM.attributes
                0x00000797       0x30 ./Middlewares/MotorControl/pid_regulator.o
 .ARM.attributes
                0x000007c7       0x30 ./Middlewares/MotorControl/pwmc_sixstep.o
 .ARM.attributes
                0x000007f7       0x30 ./Middlewares/MotorControl/r_divider_bus_voltage_sensor.o
 .ARM.attributes
                0x00000827       0x30 ./Middlewares/MotorControl/revup_ctrl_sixstep.o
 .ARM.attributes
                0x00000857       0x30 ./Middlewares/MotorControl/speed_ctrl.o
 .ARM.attributes
                0x00000887       0x30 ./Middlewares/MotorControl/speed_pos_fdbk.o
 .ARM.attributes
                0x000008b7       0x30 ./Middlewares/MotorControl/virtual_speed_sensor.o
 .ARM.attributes
                0x000008e7       0x34 C:/ST/STM32CubeIDE_1.16.0/STM32CubeIDE/plugins/com.st.stm32cube.ide.mcu.externaltools.gnu-tools-for-stm32.13.3.rel1.win32_1.0.0.202411081344/tools/bin/../lib/gcc/arm-none-eabi/13.3.1/../../../../arm-none-eabi/lib/thumb/v7e-m+fp/hard\libc_nano.a(libc_a-memset.o)
 .ARM.attributes
                0x0000091b       0x34 C:/ST/STM32CubeIDE_1.16.0/STM32CubeIDE/plugins/com.st.stm32cube.ide.mcu.externaltools.gnu-tools-for-stm32.13.3.rel1.win32_1.0.0.202411081344/tools/bin/../lib/gcc/arm-none-eabi/13.3.1/../../../../arm-none-eabi/lib/thumb/v7e-m+fp/hard\libc_nano.a(libc_a-init.o)
 .ARM.attributes
                0x0000094f       0x34 C:/ST/STM32CubeIDE_1.16.0/STM32CubeIDE/plugins/com.st.stm32cube.ide.mcu.externaltools.gnu-tools-for-stm32.13.3.rel1.win32_1.0.0.202411081344/tools/bin/../lib/gcc/arm-none-eabi/13.3.1/../../../../arm-none-eabi/lib/thumb/v7e-m+fp/hard\libc_nano.a(libc_a-memcpy-stub.o)
 .ARM.attributes
                0x00000983       0x22 C:/ST/STM32CubeIDE_1.16.0/STM32CubeIDE/plugins/com.st.stm32cube.ide.mcu.externaltools.gnu-tools-for-stm32.13.3.rel1.win32_1.0.0.202411081344/tools/bin/../lib/gcc/arm-none-eabi/13.3.1/thumb/v7e-m+fp/hard\libgcc.a(_arm_muldf3.o)
 .ARM.attributes
                0x000009a5       0x22 C:/ST/STM32CubeIDE_1.16.0/STM32CubeIDE/plugins/com.st.stm32cube.ide.mcu.externaltools.gnu-tools-for-stm32.13.3.rel1.win32_1.0.0.202411081344/tools/bin/../lib/gcc/arm-none-eabi/13.3.1/thumb/v7e-m+fp/hard\libgcc.a(_arm_addsubdf3.o)
 .ARM.attributes
                0x000009c7       0x22 C:/ST/STM32CubeIDE_1.16.0/STM32CubeIDE/plugins/com.st.stm32cube.ide.mcu.externaltools.gnu-tools-for-stm32.13.3.rel1.win32_1.0.0.202411081344/tools/bin/../lib/gcc/arm-none-eabi/13.3.1/thumb/v7e-m+fp/hard\libgcc.a(_arm_fixunsdfsi.o)
 .ARM.attributes
                0x000009e9       0x22 C:/ST/STM32CubeIDE_1.16.0/STM32CubeIDE/plugins/com.st.stm32cube.ide.mcu.externaltools.gnu-tools-for-stm32.13.3.rel1.win32_1.0.0.202411081344/tools/bin/../lib/gcc/arm-none-eabi/13.3.1/thumb/v7e-m+fp/hard\libgcc.a(_aeabi_uldivmod.o)
 .ARM.attributes
                0x00000a0b       0x34 C:/ST/STM32CubeIDE_1.16.0/STM32CubeIDE/plugins/com.st.stm32cube.ide.mcu.externaltools.gnu-tools-for-stm32.13.3.rel1.win32_1.0.0.202411081344/tools/bin/../lib/gcc/arm-none-eabi/13.3.1/thumb/v7e-m+fp/hard\libgcc.a(_udivmoddi4.o)
 .ARM.attributes
                0x00000a3f       0x22 C:/ST/STM32CubeIDE_1.16.0/STM32CubeIDE/plugins/com.st.stm32cube.ide.mcu.externaltools.gnu-tools-for-stm32.13.3.rel1.win32_1.0.0.202411081344/tools/bin/../lib/gcc/arm-none-eabi/13.3.1/thumb/v7e-m+fp/hard\libgcc.a(_dvmd_tls.o)
 .ARM.attributes
                0x00000a61       0x22 C:/ST/STM32CubeIDE_1.16.0/STM32CubeIDE/plugins/com.st.stm32cube.ide.mcu.externaltools.gnu-tools-for-stm32.13.3.rel1.win32_1.0.0.202411081344/tools/bin/../lib/gcc/arm-none-eabi/13.3.1/thumb/v7e-m+fp/hard/crtn.o
OUTPUT(BLDC_Explorer.elf elf32-littlearm)
LOAD linker stubs
LOAD C:/ST/STM32CubeIDE_1.16.0/STM32CubeIDE/plugins/com.st.stm32cube.ide.mcu.externaltools.gnu-tools-for-stm32.13.3.rel1.win32_1.0.0.202411081344/tools/bin/../lib/gcc/arm-none-eabi/13.3.1/../../../../arm-none-eabi/lib/thumb/v7e-m+fp/hard\libc.a
LOAD C:/ST/STM32CubeIDE_1.16.0/STM32CubeIDE/plugins/com.st.stm32cube.ide.mcu.externaltools.gnu-tools-for-stm32.13.3.rel1.win32_1.0.0.202411081344/tools/bin/../lib/gcc/arm-none-eabi/13.3.1/../../../../arm-none-eabi/lib/thumb/v7e-m+fp/hard\libm.a
LOAD C:/ST/STM32CubeIDE_1.16.0/STM32CubeIDE/plugins/com.st.stm32cube.ide.mcu.externaltools.gnu-tools-for-stm32.13.3.rel1.win32_1.0.0.202411081344/tools/bin/../lib/gcc/arm-none-eabi/13.3.1/thumb/v7e-m+fp/hard\libgcc.a

.debug_line     0x00000000    0x3e75e
 .debug_line    0x00000000       0x7b ./Application/Startup/startup_stm32g474retx.o
 .debug_line    0x0000007b     0x1625 ./Application/User/aspep.o
 .debug_line    0x000016a0     0x1781 ./Application/User/main.o
 .debug_line    0x00002e21      0xd6b ./Application/User/mc_api.o
 .debug_line    0x00003b8c      0x940 ./Application/User/mc_app_hooks.o
 .debug_line    0x000044cc      0xbc8 ./Application/User/mc_config.o
 .debug_line    0x00005094      0xbcf ./Application/User/mc_config_common.o
 .debug_line    0x00005c63      0xb08 ./Application/User/mc_configuration_registers.o
 .debug_line    0x0000676b     0x122d ./Application/User/mc_interface.o
 .debug_line    0x00007998      0xbb9 ./Application/User/mc_parameters.o
 .debug_line    0x00008551     0x118b ./Application/User/mc_tasks.o
 .debug_line    0x000096dc     0x122c ./Application/User/mc_tasks_sixstep.o
 .debug_line    0x0000a908     0x10a2 ./Application/User/mcp.o
 .debug_line    0x0000b9aa      0xa25 ./Application/User/mcp_config.o
 .debug_line    0x0000c3cf      0xc08 ./Application/User/motorcontrol.o
 .debug_line    0x0000cfd7     0x1ff3 ./Application/User/register_interface.o
 .debug_line    0x0000efca     0x15ca ./Application/User/regular_conversion_manager.o
 .debug_line    0x00010594     0x1191 ./Application/User/stm32_mc_common_it.o
 .debug_line    0x00011725     0x10f8 ./Application/User/stm32g4xx_hal_msp.o
 .debug_line    0x0001281d      0xe21 ./Application/User/stm32g4xx_mc_it.o
 .debug_line    0x0001363e     0x111a ./Application/User/usart_aspep_driver.o
 .debug_line    0x00014758      0x893 ./Drivers/CMSIS/system_stm32g4xx.o
 .debug_line    0x00014feb      0xd25 ./Drivers/STM32G4xx_HAL_Driver/stm32g4xx_hal.o
 .debug_line    0x00015d10     0x30e4 ./Drivers/STM32G4xx_HAL_Driver/stm32g4xx_hal_adc.o
 .debug_line    0x00018df4     0x29f8 ./Drivers/STM32G4xx_HAL_Driver/stm32g4xx_hal_adc_ex.o
 .debug_line    0x0001b7ec      0xe5b ./Drivers/STM32G4xx_HAL_Driver/stm32g4xx_hal_cortex.o
 .debug_line    0x0001c647     0x13f6 ./Drivers/STM32G4xx_HAL_Driver/stm32g4xx_hal_dma.o
 .debug_line    0x0001da3d     0x106d ./Drivers/STM32G4xx_HAL_Driver/stm32g4xx_hal_gpio.o
 .debug_line    0x0001eaaa      0xf5a ./Drivers/STM32G4xx_HAL_Driver/stm32g4xx_hal_pwr_ex.o
 .debug_line    0x0001fa04     0x155d ./Drivers/STM32G4xx_HAL_Driver/stm32g4xx_hal_rcc.o
 .debug_line    0x00020f61     0x1720 ./Drivers/STM32G4xx_HAL_Driver/stm32g4xx_hal_rcc_ex.o
 .debug_line    0x00022681     0x6a61 ./Drivers/STM32G4xx_HAL_Driver/stm32g4xx_hal_tim.o
 .debug_line    0x000290e2     0x26f6 ./Drivers/STM32G4xx_HAL_Driver/stm32g4xx_hal_tim_ex.o
 .debug_line    0x0002b7d8     0x704c ./Drivers/STM32G4xx_HAL_Driver/stm32g4xx_hal_uart.o
 .debug_line    0x00032824     0x129d ./Drivers/STM32G4xx_HAL_Driver/stm32g4xx_hal_uart_ex.o
 .debug_line    0x00033ac1      0x9de ./Middlewares/MotorControl/bus_voltage_sensor.o
 .debug_line    0x0003449f     0x1fea ./Middlewares/MotorControl/g4xx_bemf_ADC_fdbk.o
 .debug_line    0x00036489     0x1158 ./Middlewares/MotorControl/mcpa.o
 .debug_line    0x000375e1      0xb79 ./Middlewares/MotorControl/ntc_temperature_sensor.o
 .debug_line    0x0003815a      0xe18 ./Middlewares/MotorControl/pid_regulator.o
 .debug_line    0x00038f72     0x14b6 ./Middlewares/MotorControl/pwmc_sixstep.o
 .debug_line    0x0003a428      0xbef ./Middlewares/MotorControl/r_divider_bus_voltage_sensor.o
 .debug_line    0x0003b017      0xea5 ./Middlewares/MotorControl/revup_ctrl_sixstep.o
 .debug_line    0x0003bebc      0xe9b ./Middlewares/MotorControl/speed_ctrl.o
 .debug_line    0x0003cd57      0xb32 ./Middlewares/MotorControl/speed_pos_fdbk.o
 .debug_line    0x0003d889      0xed5 ./Middlewares/MotorControl/virtual_speed_sensor.o

.debug_line_str
                0x00000000       0x84
 .debug_line_str
                0x00000000       0x84 ./Application/Startup/startup_stm32g474retx.o

.debug_info     0x00000000    0x3f1b9
 .debug_info    0x00000000       0x30 ./Application/Startup/startup_stm32g474retx.o
 .debug_info    0x00000030     0x112d ./Application/User/aspep.o
 .debug_info    0x0000115d     0x2e91 ./Application/User/main.o
 .debug_info    0x00003fee     0x1265 ./Application/User/mc_api.o
 .debug_info    0x00005253      0x1dd ./Application/User/mc_app_hooks.o
 .debug_info    0x00005430     0x17a0 ./Application/User/mc_config.o
 .debug_info    0x00006bd0      0xd97 ./Application/User/mc_config_common.o
 .debug_info    0x00007967      0x585 ./Application/User/mc_configuration_registers.o
 .debug_info    0x00007eec     0x1708 ./Application/User/mc_interface.o
 .debug_info    0x000095f4      0x889 ./Application/User/mc_parameters.o
 .debug_info    0x00009e7d     0x2195 ./Application/User/mc_tasks.o
 .debug_info    0x0000c012     0x25de ./Application/User/mc_tasks_sixstep.o
 .debug_info    0x0000e5f0     0x142e ./Application/User/mcp.o
 .debug_info    0x0000fa1e      0xaf4 ./Application/User/mcp_config.o
 .debug_info    0x00010512     0x10a7 ./Application/User/motorcontrol.o
 .debug_info    0x000115b9     0x2eda ./Application/User/register_interface.o
 .debug_info    0x00014493     0x1630 ./Application/User/regular_conversion_manager.o
 .debug_info    0x00015ac3     0x12b4 ./Application/User/stm32_mc_common_it.o
 .debug_info    0x00016d77     0x1ed0 ./Application/User/stm32g4xx_hal_msp.o
 .debug_info    0x00018c47     0x131e ./Application/User/stm32g4xx_mc_it.o
 .debug_info    0x00019f65     0x1267 ./Application/User/usart_aspep_driver.o
 .debug_info    0x0001b1cc      0x5a7 ./Drivers/CMSIS/system_stm32g4xx.o
 .debug_info    0x0001b773      0xdf5 ./Drivers/STM32G4xx_HAL_Driver/stm32g4xx_hal.o
 .debug_info    0x0001c568     0x35ef ./Drivers/STM32G4xx_HAL_Driver/stm32g4xx_hal_adc.o
 .debug_info    0x0001fb57     0x2e3d ./Drivers/STM32G4xx_HAL_Driver/stm32g4xx_hal_adc_ex.o
 .debug_info    0x00022994     0x1090 ./Drivers/STM32G4xx_HAL_Driver/stm32g4xx_hal_cortex.o
 .debug_info    0x00023a24      0xa62 ./Drivers/STM32G4xx_HAL_Driver/stm32g4xx_hal_dma.o
 .debug_info    0x00024486      0x795 ./Drivers/STM32G4xx_HAL_Driver/stm32g4xx_hal_gpio.o
 .debug_info    0x00024c1b      0x993 ./Drivers/STM32G4xx_HAL_Driver/stm32g4xx_hal_pwr_ex.o
 .debug_info    0x000255ae      0xed9 ./Drivers/STM32G4xx_HAL_Driver/stm32g4xx_hal_rcc.o
 .debug_info    0x00026487      0xd76 ./Drivers/STM32G4xx_HAL_Driver/stm32g4xx_hal_rcc_ex.o
 .debug_info    0x000271fd     0x4fe5 ./Drivers/STM32G4xx_HAL_Driver/stm32g4xx_hal_tim.o
 .debug_info    0x0002c1e2     0x25d0 ./Drivers/STM32G4xx_HAL_Driver/stm32g4xx_hal_tim_ex.o
 .debug_info    0x0002e7b2     0x78dd ./Drivers/STM32G4xx_HAL_Driver/stm32g4xx_hal_uart.o
 .debug_info    0x0003608f     0x13de ./Drivers/STM32G4xx_HAL_Driver/stm32g4xx_hal_uart_ex.o
 .debug_info    0x0003746d      0x2c5 ./Middlewares/MotorControl/bus_voltage_sensor.o
 .debug_info    0x00037732     0x26df ./Middlewares/MotorControl/g4xx_bemf_ADC_fdbk.o
 .debug_info    0x00039e11      0x717 ./Middlewares/MotorControl/mcpa.o
 .debug_info    0x0003a528      0x507 ./Middlewares/MotorControl/ntc_temperature_sensor.o
 .debug_info    0x0003aa2f      0x8ec ./Middlewares/MotorControl/pid_regulator.o
 .debug_info    0x0003b31b     0x1635 ./Middlewares/MotorControl/pwmc_sixstep.o
 .debug_info    0x0003c950      0x45a ./Middlewares/MotorControl/r_divider_bus_voltage_sensor.o
 .debug_info    0x0003cdaa      0xe73 ./Middlewares/MotorControl/revup_ctrl_sixstep.o
 .debug_info    0x0003dc1d      0x90a ./Middlewares/MotorControl/speed_ctrl.o
 .debug_info    0x0003e527      0x500 ./Middlewares/MotorControl/speed_pos_fdbk.o
 .debug_info    0x0003ea27      0x792 ./Middlewares/MotorControl/virtual_speed_sensor.o

.debug_abbrev   0x00000000     0x7bad
 .debug_abbrev  0x00000000       0x24 ./Application/Startup/startup_stm32g474retx.o
 .debug_abbrev  0x00000024      0x39b ./Application/User/aspep.o
 .debug_abbrev  0x000003bf      0x3cc ./Application/User/main.o
 .debug_abbrev  0x0000078b      0x27f ./Application/User/mc_api.o
 .debug_abbrev  0x00000a0a       0x98 ./Application/User/mc_app_hooks.o
 .debug_abbrev  0x00000aa2      0x1b6 ./Application/User/mc_config.o
 .debug_abbrev  0x00000c58      0x17e ./Application/User/mc_config_common.o
 .debug_abbrev  0x00000dd6      0x10a ./Application/User/mc_configuration_registers.o
 .debug_abbrev  0x00000ee0      0x3b4 ./Application/User/mc_interface.o
 .debug_abbrev  0x00001294      0x131 ./Application/User/mc_parameters.o
 .debug_abbrev  0x000013c5      0x415 ./Application/User/mc_tasks.o
 .debug_abbrev  0x000017da      0x40a ./Application/User/mc_tasks_sixstep.o
 .debug_abbrev  0x00001be4      0x322 ./Application/User/mcp.o
 .debug_abbrev  0x00001f06      0x1c7 ./Application/User/mcp_config.o
 .debug_abbrev  0x000020cd      0x24a ./Application/User/motorcontrol.o
 .debug_abbrev  0x00002317      0x44b ./Application/User/register_interface.o
 .debug_abbrev  0x00002762      0x405 ./Application/User/regular_conversion_manager.o
 .debug_abbrev  0x00002b67      0x35e ./Application/User/stm32_mc_common_it.o
 .debug_abbrev  0x00002ec5      0x2e3 ./Application/User/stm32g4xx_hal_msp.o
 .debug_abbrev  0x000031a8      0x2b2 ./Application/User/stm32g4xx_mc_it.o
 .debug_abbrev  0x0000345a      0x2c0 ./Application/User/usart_aspep_driver.o
 .debug_abbrev  0x0000371a      0x120 ./Drivers/CMSIS/system_stm32g4xx.o
 .debug_abbrev  0x0000383a      0x2dd ./Drivers/STM32G4xx_HAL_Driver/stm32g4xx_hal.o
 .debug_abbrev  0x00003b17      0x355 ./Drivers/STM32G4xx_HAL_Driver/stm32g4xx_hal_adc.o
 .debug_abbrev  0x00003e6c      0x3d3 ./Drivers/STM32G4xx_HAL_Driver/stm32g4xx_hal_adc_ex.o
 .debug_abbrev  0x0000423f      0x387 ./Drivers/STM32G4xx_HAL_Driver/stm32g4xx_hal_cortex.o
 .debug_abbrev  0x000045c6      0x2af ./Drivers/STM32G4xx_HAL_Driver/stm32g4xx_hal_dma.o
 .debug_abbrev  0x00004875      0x1f9 ./Drivers/STM32G4xx_HAL_Driver/stm32g4xx_hal_gpio.o
 .debug_abbrev  0x00004a6e      0x281 ./Drivers/STM32G4xx_HAL_Driver/stm32g4xx_hal_pwr_ex.o
 .debug_abbrev  0x00004cef      0x352 ./Drivers/STM32G4xx_HAL_Driver/stm32g4xx_hal_rcc.o
 .debug_abbrev  0x00005041      0x2ce ./Drivers/STM32G4xx_HAL_Driver/stm32g4xx_hal_rcc_ex.o
 .debug_abbrev  0x0000530f      0x3c0 ./Drivers/STM32G4xx_HAL_Driver/stm32g4xx_hal_tim.o
 .debug_abbrev  0x000056cf      0x3d0 ./Drivers/STM32G4xx_HAL_Driver/stm32g4xx_hal_tim_ex.o
 .debug_abbrev  0x00005a9f      0x4b8 ./Drivers/STM32G4xx_HAL_Driver/stm32g4xx_hal_uart.o
 .debug_abbrev  0x00005f57      0x360 ./Drivers/STM32G4xx_HAL_Driver/stm32g4xx_hal_uart_ex.o
 .debug_abbrev  0x000062b7      0x10c ./Middlewares/MotorControl/bus_voltage_sensor.o
 .debug_abbrev  0x000063c3      0x485 ./Middlewares/MotorControl/g4xx_bemf_ADC_fdbk.o
 .debug_abbrev  0x00006848      0x2a4 ./Middlewares/MotorControl/mcpa.o
 .debug_abbrev  0x00006aec      0x23d ./Middlewares/MotorControl/ntc_temperature_sensor.o
 .debug_abbrev  0x00006d29      0x1b1 ./Middlewares/MotorControl/pid_regulator.o
 .debug_abbrev  0x00006eda      0x321 ./Middlewares/MotorControl/pwmc_sixstep.o
 .debug_abbrev  0x000071fb      0x161 ./Middlewares/MotorControl/r_divider_bus_voltage_sensor.o
 .debug_abbrev  0x0000735c      0x2a3 ./Middlewares/MotorControl/revup_ctrl_sixstep.o
 .debug_abbrev  0x000075ff      0x227 ./Middlewares/MotorControl/speed_ctrl.o
 .debug_abbrev  0x00007826      0x175 ./Middlewares/MotorControl/speed_pos_fdbk.o
 .debug_abbrev  0x0000799b      0x212 ./Middlewares/MotorControl/virtual_speed_sensor.o

.debug_aranges  0x00000000     0x1ad8
 .debug_aranges
                0x00000000       0x28 ./Application/Startup/startup_stm32g474retx.o
 .debug_aranges
                0x00000028       0x60 ./Application/User/aspep.o
 .debug_aranges
                0x00000088       0x30 ./Application/User/main.o
 .debug_aranges
                0x000000b8       0xc8 ./Application/User/mc_api.o
 .debug_aranges
                0x00000180       0x28 ./Application/User/mc_app_hooks.o
 .debug_aranges
                0x000001a8       0x18 ./Application/User/mc_config.o
 .debug_aranges