C:/Users/pboon/Downloads/FRA271_Lab2_Actuators/BLDC/BLDC_Explorer/MCSDK_v6.3.2-Full/MotorControl/MCSDK/MCLib/G4xx/Src/g4xx_bemf_ADC_fdbk.c:59:13:BADC_Init	32	static
C:/Users/pboon/Downloads/FRA271_Lab2_Actuators/BLDC/BLDC_Explorer/MCSDK_v6.3.2-Full/MotorControl/MCSDK/MCLib/G4xx/Src/g4xx_bemf_ADC_fdbk.c:193:13:BADC_Clear	0	static
C:/Users/pboon/Downloads/FRA271_Lab2_Actuators/BLDC/BLDC_Explorer/MCSDK_v6.3.2-Full/MotorControl/MCSDK/MCLib/G4xx/Src/g4xx_bemf_ADC_fdbk.c:218:13:BADC_Start	8	static
C:/Users/pboon/Downloads/FRA271_Lab2_Actuators/BLDC/BLDC_Explorer/MCSDK_v6.3.2-Full/MotorControl/MCSDK/MCLib/G4xx/Src/g4xx_bemf_ADC_fdbk.c:281:13:BADC_Stop	8	static
C:/Users/pboon/Downloads/FRA271_Lab2_Actuators/BLDC/BLDC_Explorer/MCSDK_v6.3.2-Full/MotorControl/MCSDK/MCLib/G4xx/Src/g4xx_bemf_ADC_fdbk.c:313:13:BADC_SpeedMeasureOff	0	static
C:/Users/pboon/Downloads/FRA271_Lab2_Actuators/BLDC/BLDC_Explorer/MCSDK_v6.3.2-Full/MotorControl/MCSDK/MCLib/G4xx/Src/g4xx_bemf_ADC_fdbk.c:326:13:BADC_SetSamplingPoint	8	static
C:/Users/pboon/Downloads/FRA271_Lab2_Actuators/BLDC/BLDC_Explorer/MCSDK_v6.3.2-Full/MotorControl/MCSDK/MCLib/G4xx/Src/g4xx_bemf_ADC_fdbk.c:379:13:BADC_IsZcDetected	16	static
C:/Users/pboon/Downloads/FRA271_Lab2_Actuators/BLDC/BLDC_Explorer/MCSDK_v6.3.2-Full/MotorControl/MCSDK/MCLib/G4xx/Src/g4xx_bemf_ADC_fdbk.c:467:13:BADC_CalcAvrgMecSpeedUnit	24	static
C:/Users/pboon/Downloads/FRA271_Lab2_Actuators/BLDC/BLDC_Explorer/MCSDK_v6.3.2-Full/MotorControl/MCSDK/MCLib/G4xx/Src/g4xx_bemf_ADC_fdbk.c:508:13:BADC_IsSpeedReliable	0	static
C:/Users/pboon/Downloads/FRA271_Lab2_Actuators/BLDC/BLDC_Explorer/MCSDK_v6.3.2-Full/MotorControl/MCSDK/MCLib/G4xx/Src/g4xx_bemf_ADC_fdbk.c:530:13:BADC_SetDirection	0	static
C:/Users/pboon/Downloads/FRA271_Lab2_Actuators/BLDC/BLDC_Explorer/MCSDK_v6.3.2-Full/MotorControl/MCSDK/MCLib/G4xx/Src/g4xx_bemf_ADC_fdbk.c:552:13:BADC_IsObserverConverged	0	static
C:/Users/pboon/Downloads/FRA271_Lab2_Actuators/BLDC/BLDC_Explorer/MCSDK_v6.3.2-Full/MotorControl/MCSDK/MCLib/G4xx/Src/g4xx_bemf_ADC_fdbk.c:564:6:BADC_SelectAdcChannel	4	static
C:/Users/pboon/Downloads/FRA271_Lab2_Actuators/BLDC/BLDC_Explorer/MCSDK_v6.3.2-Full/MotorControl/MCSDK/MCLib/G4xx/Src/g4xx_bemf_ADC_fdbk.c:577:16:BADC_CalcElAngle	0	static
C:/Users/pboon/Downloads/FRA271_Lab2_Actuators/BLDC/BLDC_Explorer/MCSDK_v6.3.2-Full/MotorControl/MCSDK/MCLib/G4xx/Src/g4xx_bemf_ADC_fdbk.c:610:6:BADC_CalcAvrgElSpeedDpp	20	static
C:/Users/pboon/Downloads/FRA271_Lab2_Actuators/BLDC/BLDC_Explorer/MCSDK_v6.3.2-Full/MotorControl/MCSDK/MCLib/G4xx/Src/g4xx_bemf_ADC_fdbk.c:686:6:BADC_StepChangeEvent	8	static
C:/Users/pboon/Downloads/FRA271_Lab2_Actuators/BLDC/BLDC_Explorer/MCSDK_v6.3.2-Full/MotorControl/MCSDK/MCLib/G4xx/Src/g4xx_bemf_ADC_fdbk.c:728:6:BADC_CalcRevUpDemagTime	0	static
C:/Users/pboon/Downloads/FRA271_Lab2_Actuators/BLDC/BLDC_Explorer/MCSDK_v6.3.2-Full/MotorControl/MCSDK/MCLib/G4xx/Src/g4xx_bemf_ADC_fdbk.c:753:6:BADC_CalcRunDemagTime	0	static
C:/Users/pboon/Downloads/FRA271_Lab2_Actuators/BLDC/BLDC_Explorer/MCSDK_v6.3.2-Full/MotorControl/MCSDK/MCLib/G4xx/Src/g4xx_bemf_ADC_fdbk.c:777:6:BADC_SetLoopClosed	4	static
C:/Users/pboon/Downloads/FRA271_Lab2_Actuators/BLDC/BLDC_Explorer/MCSDK_v6.3.2-Full/MotorControl/MCSDK/MCLib/G4xx/Src/g4xx_bemf_ADC_fdbk.c:799:6:BADC_SetBemfSensorlessParam	8	static
C:/Users/pboon/Downloads/FRA271_Lab2_Actuators/BLDC/BLDC_Explorer/MCSDK_v6.3.2-Full/MotorControl/MCSDK/MCLib/G4xx/Src/g4xx_bemf_ADC_fdbk.c:828:6:BADC_GetBemfSensorlessParam	8	static
