C:/Users/pboon/Downloads/FRA271_Lab2_Actuators/BLDC/BLDC_Explorer/MCSDK_v6.3.2-Full/MotorControl/MCSDK/MCLib/Any/Src/speed_ctrl.c:50:13:STC_Init	8	static
C:/Users/pboon/Downloads/FRA271_Lab2_Actuators/BLDC/BLDC_Explorer/MCSDK_v6.3.2-Full/MotorControl/MCSDK/MCLib/Any/Src/speed_ctrl.c:76:13:STC_SetSpeedSensor	0	static
C:/Users/pboon/Downloads/FRA271_Lab2_Actuators/BLDC/BLDC_Explorer/MCSDK_v6.3.2-Full/MotorControl/MCSDK/MCLib/Any/Src/speed_ctrl.c:94:13:STC_Clear	8	static
C:/Users/pboon/Downloads/FRA271_Lab2_Actuators/BLDC/BLDC_Explorer/MCSDK_v6.3.2-Full/MotorControl/MCSDK/MCLib/Any/Src/speed_ctrl.c:117:16:STC_GetMecSpeedRefUnit	0	static
C:/Users/pboon/Downloads/FRA271_Lab2_Actuators/BLDC/BLDC_Explorer/MCSDK_v6.3.2-Full/MotorControl/MCSDK/MCLib/Any/Src/speed_ctrl.c:133:17:STC_GetDutyCycleRef	0	static
C:/Users/pboon/Downloads/FRA271_Lab2_Actuators/BLDC/BLDC_Explorer/MCSDK_v6.3.2-Full/MotorControl/MCSDK/MCLib/Any/Src/speed_ctrl.c:160:13:STC_SetControlMode	0	static
C:/Users/pboon/Downloads/FRA271_Lab2_Actuators/BLDC/BLDC_Explorer/MCSDK_v6.3.2-Full/MotorControl/MCSDK/MCLib/Any/Src/speed_ctrl.c:190:13:STC_ExecRamp	16	static
C:/Users/pboon/Downloads/FRA271_Lab2_Actuators/BLDC/BLDC_Explorer/MCSDK_v6.3.2-Full/MotorControl/MCSDK/MCLib/Any/Src/speed_ctrl.c:295:17:STC_CalcSpeedReference	16	static
C:/Users/pboon/Downloads/FRA271_Lab2_Actuators/BLDC/BLDC_Explorer/MCSDK_v6.3.2-Full/MotorControl/MCSDK/MCLib/Any/Src/speed_ctrl.c:380:16:STC_GetMecSpeedRefUnitDefault	0	static
C:/Users/pboon/Downloads/FRA271_Lab2_Actuators/BLDC/BLDC_Explorer/MCSDK_v6.3.2-Full/MotorControl/MCSDK/MCLib/Any/Src/speed_ctrl.c:389:17:STC_GetMaxAppPositiveMecSpeedUnit	0	static
C:/Users/pboon/Downloads/FRA271_Lab2_Actuators/BLDC/BLDC_Explorer/MCSDK_v6.3.2-Full/MotorControl/MCSDK/MCLib/Any/Src/speed_ctrl.c:398:16:STC_GetMinAppNegativeMecSpeedUnit	0	static
C:/Users/pboon/Downloads/FRA271_Lab2_Actuators/BLDC/BLDC_Explorer/MCSDK_v6.3.2-Full/MotorControl/MCSDK/MCLib/Any/Src/speed_ctrl.c:408:13:STC_StopSpeedRamp	0	static
C:/Users/pboon/Downloads/FRA271_Lab2_Actuators/BLDC/BLDC_Explorer/MCSDK_v6.3.2-Full/MotorControl/MCSDK/MCLib/Any/Src/speed_ctrl.c:433:13:STC_ForceSpeedReferenceToCurrentSpeed	8	static
